Archive member included to satisfy reference by file (symbol)

/opt/microchip/xc32/v4.45/bin/bin/../../lib/gcc/pic32mx/8.3.1/../../../../pic32mx/lib/libpic32.a(default-bootstrap-exception-handler.o)
                              /tmp/ccYvW2nU.o (_bootstrap_exception_handler)
/opt/microchip/xc32/v4.45/bin/bin/../../lib/gcc/pic32mx/8.3.1/../../../../pic32mx/lib/libpic32.a(default-on-reset.o)
                              /tmp/ccYvW2nU.o (_on_reset)
/opt/microchip/xc32/v4.45/bin/bin/../../lib/gcc/pic32mx/8.3.1/../../../../pic32mx/lib/libpic32.a(default-on-bootstrap.o)
                              /tmp/ccYvW2nU.o (_on_bootstrap)
/opt/microchip/xc32/v4.45/bin/bin/../../lib/gcc/pic32mx/8.3.1/../../../../pic32mx/lib/libpic32.a(default-nmi-handler.o)
                              /tmp/ccYvW2nU.o (_nmi_handler)
/opt/microchip/xc32/v4.45/bin/bin/../../lib/gcc/pic32mx/8.3.1/../../../../pic32mx/lib/libpic32.a(pic32_data_init_core.o)
                              /tmp/ccYvW2nU.o (__pic32_data_init)
/opt/microchip/xc32/v4.45/bin/bin/../../lib/gcc/pic32mx/8.3.1/../../../../pic32mx/lib/libpic32.a(general-exception.o)
                              /tmp/ccYvW2nU.o (_general_exception_context)
/opt/microchip/xc32/v4.45/bin/bin/../../lib/gcc/pic32mx/8.3.1/../../../../pic32mx/lib/libpic32.a(vector0.o)
                              /tmp/ccjKaVqJ.o (__vector_dispatch_0)
/opt/microchip/xc32/v4.45/bin/bin/../../lib/gcc/pic32mx/8.3.1/../../../../pic32mx/lib/libpic32.a(vector1.o)
                              /tmp/ccjKaVqJ.o (__vector_dispatch_1)
/opt/microchip/xc32/v4.45/bin/bin/../../lib/gcc/pic32mx/8.3.1/../../../../pic32mx/lib/libpic32.a(vector2.o)
                              /tmp/ccjKaVqJ.o (__vector_dispatch_2)
/opt/microchip/xc32/v4.45/bin/bin/../../lib/gcc/pic32mx/8.3.1/../../../../pic32mx/lib/libpic32.a(vector3.o)
                              /tmp/ccjKaVqJ.o (__vector_dispatch_3)
/opt/microchip/xc32/v4.45/bin/bin/../../lib/gcc/pic32mx/8.3.1/../../../../pic32mx/lib/libpic32.a(vector4.o)
                              /tmp/ccjKaVqJ.o (__vector_dispatch_4)
/opt/microchip/xc32/v4.45/bin/bin/../../lib/gcc/pic32mx/8.3.1/../../../../pic32mx/lib/libpic32.a(vector5.o)
                              /tmp/ccjKaVqJ.o (__vector_dispatch_5)
/opt/microchip/xc32/v4.45/bin/bin/../../lib/gcc/pic32mx/8.3.1/../../../../pic32mx/lib/libpic32.a(vector6.o)
                              /tmp/ccjKaVqJ.o (__vector_dispatch_6)
/opt/microchip/xc32/v4.45/bin/bin/../../lib/gcc/pic32mx/8.3.1/../../../../pic32mx/lib/libpic32.a(vector7.o)
                              /tmp/ccjKaVqJ.o (__vector_dispatch_7)
/opt/microchip/xc32/v4.45/bin/bin/../../lib/gcc/pic32mx/8.3.1/../../../../pic32mx/lib/libpic32.a(vector9.o)
                              /tmp/ccjKaVqJ.o (__vector_dispatch_9)
/opt/microchip/xc32/v4.45/bin/bin/../../lib/gcc/pic32mx/8.3.1/../../../../pic32mx/lib/libpic32.a(vector10.o)
                              /tmp/ccjKaVqJ.o (__vector_dispatch_10)
/opt/microchip/xc32/v4.45/bin/bin/../../lib/gcc/pic32mx/8.3.1/../../../../pic32mx/lib/libpic32.a(vector11.o)
                              /tmp/ccjKaVqJ.o (__vector_dispatch_11)
/opt/microchip/xc32/v4.45/bin/bin/../../lib/gcc/pic32mx/8.3.1/../../../../pic32mx/lib/libpic32.a(vector12.o)
                              /tmp/ccjKaVqJ.o (__vector_dispatch_12)
/opt/microchip/xc32/v4.45/bin/bin/../../lib/gcc/pic32mx/8.3.1/../../../../pic32mx/lib/libpic32.a(vector13.o)
                              /tmp/ccjKaVqJ.o (__vector_dispatch_13)
/opt/microchip/xc32/v4.45/bin/bin/../../lib/gcc/pic32mx/8.3.1/../../../../pic32mx/lib/libpic32.a(vector14.o)
                              /tmp/ccjKaVqJ.o (__vector_dispatch_14)
/opt/microchip/xc32/v4.45/bin/bin/../../lib/gcc/pic32mx/8.3.1/../../../../pic32mx/lib/libpic32.a(vector15.o)
                              /tmp/ccjKaVqJ.o (__vector_dispatch_15)
/opt/microchip/xc32/v4.45/bin/bin/../../lib/gcc/pic32mx/8.3.1/../../../../pic32mx/lib/libpic32.a(vector16.o)
                              /tmp/ccjKaVqJ.o (__vector_dispatch_16)
/opt/microchip/xc32/v4.45/bin/bin/../../lib/gcc/pic32mx/8.3.1/../../../../pic32mx/lib/libpic32.a(vector17.o)
                              /tmp/ccjKaVqJ.o (__vector_dispatch_17)
/opt/microchip/xc32/v4.45/bin/bin/../../lib/gcc/pic32mx/8.3.1/../../../../pic32mx/lib/libpic32.a(vector18.o)
                              /tmp/ccjKaVqJ.o (__vector_dispatch_18)
/opt/microchip/xc32/v4.45/bin/bin/../../lib/gcc/pic32mx/8.3.1/../../../../pic32mx/lib/libpic32.a(vector19.o)
                              /tmp/ccjKaVqJ.o (__vector_dispatch_19)
/opt/microchip/xc32/v4.45/bin/bin/../../lib/gcc/pic32mx/8.3.1/../../../../pic32mx/lib/libpic32.a(vector20.o)
                              /tmp/ccjKaVqJ.o (__vector_dispatch_20)
/opt/microchip/xc32/v4.45/bin/bin/../../lib/gcc/pic32mx/8.3.1/../../../../pic32mx/lib/libpic32.a(vector21.o)
                              /tmp/ccjKaVqJ.o (__vector_dispatch_21)
[...]
Memory Configuration

Name             Origin             Length             Attributes
kseg0_program_mem 0x000000009d007490 0x0000000000038b70 xr
exception_mem    0x000000009d006000 0x0000000000001000
debug_exec_mem   0x000000009fc00490 0x0000000000000760
kseg0_boot_mem   0x000000009d006000 0x0000000000000000
kseg1_boot_mem   0x000000009d007000 0x0000000000000490
config3          0x00000000bfc00bf0 0x0000000000000004
config2          0x00000000bfc00bf4 0x0000000000000004
config1          0x00000000bfc00bf8 0x0000000000000004
config0          0x00000000bfc00bfc 0x0000000000000004
configsfrs       0x00000000bfc00bf0 0x0000000000000010
sfrs             0x00000000bf800000 0x0000000000100000
kseg1_data_mem   0x00000000a0000000 0x0000000000010000 w !x
*default*        0x0000000000000000 0xffffffffffffffff

Linker script and memory map

LOAD /opt/microchip/xc32/v4.45/bin/bin/../../lib/gcc/pic32mx/8.3.1/../../../../pic32mx/lib/debug-exception-return.o
LOAD nu32dip.o
LOAD pic32_oscope.o
                0x0000000000000400                PROVIDE (_min_stack_size = 0x400)
                0x0000000000000000                PROVIDE (_min_heap_size = 0x0)
LOAD /opt/microchip/xc32/v4.45/bin/bin/../../lib/gcc/pic32mx/8.3.1/../../../../pic32mx/lib/./proc/32MX170F256B/processor.o
                0x0000000000000001                PROVIDE (_vector_spacing = 0x1)
                0x000000009d006000                _ebase_address = 0x9d006000
                0x00000000bd007000                _RESET_ADDR = 0xbd007000
                0x00000000bfc07380                _BEV_EXCPT_ADDR = 0xbfc07380
                0x00000000bfc07480                _DBG_EXCPT_ADDR = 0xbfc07480
                0x000000009fc00490                _DBG_CODE_ADDR = 0x9fc00490
                0x0000000000000760                _DBG_CODE_SIZE = 0x760
                0x000000009d006180                _GEN_EXCPT_ADDR = (_ebase_address + 0x180)

.config_BFC00BF0
 *(.config_BFC00BF0)

.config_BFC00BF4
 *(.config_BFC00BF4)

.config_BFC00BF8
 *(.config_BFC00BF8)

.config_BFC00BFC
 *(.config_BFC00BFC)
                [!provide]                        PROVIDE (_DBG_CODE_ADDR = 0xbfc02000)
                [!provide]                        PROVIDE (_DBG_CODE_SIZE = 0xff0)

.reset          0x00000000bd007000      0x14c
 *(.reset)
 .reset         0x00000000bd007000        0x8 /tmp/ccYvW2nU.o
                0x00000000bd007000                _reset
 *(.reset.startup)
 .reset.startup
                0x00000000bd007008      0x144 /tmp/ccYvW2nU.o
                0x00000000bd007008                _startup

.bev_excpt      0x00000000bfc07380       0x10
 *(.bev_handler)
 .bev_handler   0x00000000bfc07380       0x10 /tmp/ccYvW2nU.o

.dbg_excpt      0x00000000bfc07480        0x0
                0x00000000bfc07480                . = (. + DEFINED (_DEBUGGER)?0x8:0x0)

.dbg_code       0x000000009fc00490        0x0
                0x000000009fc00490                . = (. + DEFINED (_DEBUGGER)?_DBG_CODE_SIZE:0x0)

.app_excpt      0x000000009d006180       0x10
 *(.gen_handler)
 .gen_handler   0x000000009d006180       0x10 /tmp/ccYvW2nU.o

.vector_0       0x000000009d006200        0x8
 *(.vector_0)
 .vector_0      0x000000009d006200        0x8 /opt/microchip/xc32/v4.45/bin/bin/../../lib/gcc/pic32mx/8.3.1/../../../../pic32mx/lib/libpic32.a(vector0.o)
                0x000000009d006200                __vector_dispatch_0
                0x0000000000000001                ASSERT (((_vector_spacing == 0x0) || (SIZEOF (.vector_0) <= (_vector_spacing << 0x5))), function at exception vector 0 too large)

.vector_1       0x000000009d006220        0x8
 *(.vector_1)
 .vector_1      0x000000009d006220        0x8 /opt/microchip/xc32/v4.45/bin/bin/../../lib/gcc/pic32mx/8.3.1/../../../../pic32mx/lib/libpic32.a(vector1.o)
                0x000000009d006220                __vector_dispatch_1
                0x0000000000000001                ASSERT (((_vector_spacing == 0x0) || (SIZEOF (.vector_1) <= (_vector_spacing << 0x5))), function at exception vector 1 too large)

.vector_2       0x000000009d006240        0x8
 *(.vector_2)
 .vector_2      0x000000009d006240        0x8 /opt/microchip/xc32/v4.45/bin/bin/../../lib/gcc/pic32mx/8.3.1/../../../../pic32mx/lib/libpic32.a(vector2.o)
                0x000000009d006240                __vector_dispatch_2
                0x0000000000000001                ASSERT (((_vector_spacing == 0x0) || (SIZEOF (.vector_2) <= (_vector_spacing << 0x5))), function at exception vector 2 too large)

.vector_3       0x000000009d006260        0x8
 *(.vector_3)
 .vector_3      0x000000009d006260        0x8 /opt/microchip/xc32/v4.45/bin/bin/../../lib/gcc/pic32mx/8.3.1/../../../../pic32mx/lib/libpic32.a(vector3.o)
                0x000000009d006260                __vector_dispatch_3
                0x0000000000000001                ASSERT (((_vector_spacing == 0x0) || (SIZEOF (.vector_3) <= (_vector_spacing << 0x5))), function at exception vector 3 too large)

.vector_4       0x000000009d006280        0x8
 *(.vector_4)
 .vector_4      0x000000009d006280        0x8 /opt/microchip/xc32/v4.45/bin/bin/../../lib/gcc/pic32mx/8.3.1/../../../../pic32mx/lib/libpic32.a(vector4.o)
                0x000000009d006280                __vector_dispatch_4
                0x0000000000000001                ASSERT (((_vector_spacing == 0x0) || (SIZEOF (.vector_4) <= (_vector_spacing << 0x5))), function at exception vector 4 too large)

.vector_5       0x000000009d0062a0        0x8
 *(.vector_5)
 .vector_5      0x000000009d0062a0        0x8 /opt/microchip/xc32/v4.45/bin/bin/../../lib/gcc/pic32mx/8.3.1/../../../../pic32mx/lib/libpic32.a(vector5.o)
                0x000000009d0062a0                __vector_dispatch_5
                0x0000000000000001                ASSERT (((_vector_spacing == 0x0) || (SIZEOF (.vector_5) <= (_vector_spacing << 0x5))), function at exception vector 5 too large)

.vector_6       0x000000009d0062c0        0x8
 *(.vector_6)
 .vector_6      0x000000009d0062c0        0x8 /opt/microchip/xc32/v4.45/bin/bin/../../lib/gcc/pic32mx/8.3.1/../../../../pic32mx/lib/libpic32.a(vector6.o)
                0x000000009d0062c0                __vector_dispatch_6
                0x0000000000000001                ASSERT (((_vector_spacing == 0x0) || (SIZEOF (.vector_6) <= (_vector_spacing << 0x5))), function at exception vector 6 too large)

.vector_7       0x000000009d0062e0        0x8
 *(.vector_7)
 .vector_7      0x000000009d0062e0        0x8 /opt/microchip/xc32/v4.45/bin/bin/../../lib/gcc/pic32mx/8.3.1/../../../../pic32mx/lib/libpic32.a(vector7.o)
                0x000000009d0062e0                __vector_dispatch_7
                0x0000000000000001                ASSERT (((_vector_spacing == 0x0) || (SIZEOF (.vector_7) <= (_vector_spacing << 0x5))), function at exception vector 7 too large)

.vector_8       0x000000009d006300        0x8
 *(.vector_8)
 .vector_8      0x000000009d006300        0x8 pic32_oscope.o
                0x000000009d006300                __vector_dispatch_8
                0x0000000000000001                ASSERT (((_vector_spacing == 0x0) || (SIZEOF (.vector_8) <= (_vector_spacing << 0x5))), function at exception vector 8 too large)

.vector_9       0x000000009d006320        0x8
 *(.vector_9)
 .vector_9      0x000000009d006320        0x8 /opt/microchip/xc32/v4.45/bin/bin/../../lib/gcc/pic32mx/8.3.1/../../../../pic32mx/lib/libpic32.a(vector9.o)
                0x000000009d006320                __vector_dispatch_9
                0x0000000000000001                ASSERT (((_vector_spacing == 0x0) || (SIZEOF (.vector_9) <= (_vector_spacing << 0x5))), function at exception vector 9 too large)

.vector_10      0x000000009d006340        0x8
 *(.vector_10)
 .vector_10     0x000000009d006340        0x8 /opt/microchip/xc32/v4.45/bin/bin/../../lib/gcc/pic32mx/8.3.1/../../../../pic32mx/lib/libpic32.a(vector10.o)
                0x000000009d006340                __vector_dispatch_10
                0x0000000000000001                ASSERT (((_vector_spacing == 0x0) || (SIZEOF (.vector_10) <= (_vector_spacing << 0x5))), function at exception vector 10 too large)

.vector_11      0x000000009d006360        0x8
 *(.vector_11)
 .vector_11     0x000000009d006360        0x8 /opt/microchip/xc32/v4.45/bin/bin/../../lib/gcc/pic32mx/8.3.1/../../../../pic32mx/lib/libpic32.a(vector11.o)
                0x000000009d006360                __vector_dispatch_11
                0x0000000000000001                ASSERT (((_vector_spacing == 0x0) || (SIZEOF (.vector_11) <= (_vector_spacing << 0x5))), function at exception vector 11 too large)

.vector_12      0x000000009d006380        0x8
 *(.vector_12)
 .vector_12     0x000000009d006380        0x8 /opt/microchip/xc32/v4.45/bin/bin/../../lib/gcc/pic32mx/8.3.1/../../../../pic32mx/lib/libpic32.a(vector12.o)
                0x000000009d006380                __vector_dispatch_12
                0x0000000000000001                ASSERT (((_vector_spacing == 0x0) || (SIZEOF (.vector_12) <= (_vector_spacing << 0x5))), function at exception vector 12 too large)

.vector_13      0x000000009d0063a0        0x8
 *(.vector_13)
 .vector_13     0x000000009d0063a0        0x8 /opt/microchip/xc32/v4.45/bin/bin/../../lib/gcc/pic32mx/8.3.1/../../../../pic32mx/lib/libpic32.a(vector13.o)
                0x000000009d0063a0                __vector_dispatch_13
                0x0000000000000001                ASSERT (((_vector_spacing == 0x0) || (SIZEOF (.vector_13) <= (_vector_spacing << 0x5))), function at exception vector 13 too large)

.vector_14      0x000000009d0063c0        0x8
 *(.vector_14)
 .vector_14     0x000000009d0063c0        0x8 /opt/microchip/xc32/v4.45/bin/bin/../../lib/gcc/pic32mx/8.3.1/../../../../pic32mx/lib/libpic32.a(vector14.o)
                0x000000009d0063c0                __vector_dispatch_14
                0x0000000000000001                ASSERT (((_vector_spacing == 0x0) || (SIZEOF (.vector_14) <= (_vector_spacing << 0x5))), function at exception vector 14 too large)

.vector_15      0x000000009d0063e0        0x8
 *(.vector_15)
 .vector_15     0x000000009d0063e0        0x8 /opt/microchip/xc32/v4.45/bin/bin/../../lib/gcc/pic32mx/8.3.1/../../../../pic32mx/lib/libpic32.a(vector15.o)
                0x000000009d0063e0                __vector_dispatch_15
                0x0000000000000001                ASSERT (((_vector_spacing == 0x0) || (SIZEOF (.vector_15) <= (_vector_spacing << 0x5))), function at exception vector 15 too large)

.vector_16      0x000000009d006400        0x8
 *(.vector_16)
 .vector_16     0x000000009d006400        0x8 /opt/microchip/xc32/v4.45/bin/bin/../../lib/gcc/pic32mx/8.3.1/../../../../pic32mx/lib/libpic32.a(vector16.o)
                0x000000009d006400                __vector_dispatch_16
                0x0000000000000001                ASSERT (((_vector_spacing == 0x0) || (SIZEOF (.vector_16) <= (_vector_spacing << 0x5))), function at exception vector 16 too large)

.vector_17      0x000000009d006420        0x8
 *(.vector_17)
 .vector_17     0x000000009d006420        0x8 /opt/microchip/xc32/v4.45/bin/bin/../../lib/gcc/pic32mx/8.3.1/../../../../pic32mx/lib/libpic32.a(vector17.o)
                0x000000009d006420                __vector_dispatch_17
                0x0000000000000001                ASSERT (((_vector_spacing == 0x0) || (SIZEOF (.vector_17) <= (_vector_spacing << 0x5))), function at exception vector 17 too large)

.vector_18      0x000000009d006440        0x8
 *(.vector_18)
 .vector_18     0x000000009d006440        0x8 /opt/microchip/xc32/v4.45/bin/bin/../../lib/gcc/pic32mx/8.3.1/../../../../pic32mx/lib/libpic32.a(vector18.o)
                0x000000009d006440                __vector_dispatch_18
                0x0000000000000001                ASSERT (((_vector_spacing == 0x0) || (SIZEOF (.vector_18) <= (_vector_spacing << 0x5))), function at exception vector 18 too large)

.vector_19      0x000000009d006460        0x8
 *(.vector_19)
 .vector_19     0x000000009d006460        0x8 /opt/microchip/xc32/v4.45/bin/bin/../../lib/gcc/pic32mx/8.3.1/../../../../pic32mx/lib/libpic32.a(vector19.o)
                0x000000009d006460                __vector_dispatch_19
                0x0000000000000001                ASSERT (((_vector_spacing == 0x0) || (SIZEOF (.vector_19) <= (_vector_spacing << 0x5))), function at exception vector 19 too large)

.vector_20      0x000000009d006480        0x8
 *(.vector_20)
 .vector_20     0x000000009d006480        0x8 /opt/microchip/xc32/v4.45/bin/bin/../../lib/gcc/pic32mx/8.3.1/../../../../pic32mx/lib/libpic32.a(vector20.o)
                0x000000009d006480                __vector_dispatch_20
                0x0000000000000001                ASSERT (((_vector_spacing == 0x0) || (SIZEOF (.vector_20) <= (_vector_spacing << 0x5))), function at exception vector 20 too large)

.vector_21      0x000000009d0064a0        0x8
 *(.vector_21)
 .vector_21     0x000000009d0064a0        0x8 /opt/microchip/xc32/v4.45/bin/bin/../../lib/gcc/pic32mx/8.3.1/../../../../pic32mx/lib/libpic32.a(vector21.o)
                0x000000009d0064a0                __vector_dispatch_21
                0x0000000000000001                ASSERT (((_vector_spacing == 0x0) || (SIZEOF (.vector_21) <= (_vector_spacing << 0x5))), function at exception vector 21 too large)

.vector_22      0x000000009d0064c0        0x8
 *(.vector_22)
 .vector_22     0x000000009d0064c0        0x8 /opt/microchip/xc32/v4.45/bin/bin/../../lib/gcc/pic32mx/8.3.1/../../../../pic32mx/lib/libpic32.a(vector22.o)
                0x000000009d0064c0                __vector_dispatch_22
                0x0000000000000001                ASSERT (((_vector_spacing == 0x0) || (SIZEOF (.vector_22) <= (_vector_spacing << 0x5))), function at exception vector 22 too large)

.vector_23      0x000000009d0064e0        0x8
 *(.vector_23)
 .vector_23     0x000000009d0064e0        0x8 /opt/microchip/xc32/v4.45/bin/bin/../../lib/gcc/pic32mx/8.3.1/../../../../pic32mx/lib/libpic32.a(vector23.o)
                0x000000009d0064e0                __vector_dispatch_23
                0x0000000000000001                ASSERT (((_vector_spacing == 0x0) || (SIZEOF (.vector_23) <= (_vector_spacing << 0x5))), function at exception vector 23 too large)

.vector_24      0x000000009d006500        0x8
 *(.vector_24)
 .vector_24     0x000000009d006500        0x8 /opt/microchip/xc32/v4.45/bin/bin/../../lib/gcc/pic32mx/8.3.1/../../../../pic32mx/lib/libpic32.a(vector24.o)
                0x000000009d006500                __vector_dispatch_24
                0x0000000000000001                ASSERT (((_vector_spacing == 0x0) || (SIZEOF (.vector_24) <= (_vector_spacing << 0x5))), function at exception vector 24 too large)

.vector_25      0x000000009d006520        0x8
 *(.vector_25)
 .vector_25     0x000000009d006520        0x8 /opt/microchip/xc32/v4.45/bin/bin/../../lib/gcc/pic32mx/8.3.1/../../../../pic32mx/lib/libpic32.a(vector25.o)
                0x000000009d006520                __vector_dispatch_25
                0x0000000000000001                ASSERT (((_vector_spacing == 0x0) || (SIZEOF (.vector_25) <= (_vector_spacing << 0x5))), function at exception vector 25 too large)

.vector_26      0x000000009d006540        0x8
 *(.vector_26)
 .vector_26     0x000000009d006540        0x8 /opt/microchip/xc32/v4.45/bin/bin/../../lib/gcc/pic32mx/8.3.1/../../../../pic32mx/lib/libpic32.a(vector26.o)
                0x000000009d006540                __vector_dispatch_26
                0x0000000000000001                ASSERT (((_vector_spacing == 0x0) || (SIZEOF (.vector_26) <= (_vector_spacing << 0x5))), function at exception vector 26 too large)

.vector_27      0x000000009d006560        0x8
 *(.vector_27)
 .vector_27     0x000000009d006560        0x8 /opt/microchip/xc32/v4.45/bin/bin/../../lib/gcc/pic32mx/8.3.1/../../../../pic32mx/lib/libpic32.a(vector27.o)
                0x000000009d006560                __vector_dispatch_27
                0x0000000000000001                ASSERT (((_vector_spacing == 0x0) || (SIZEOF (.vector_27) <= (_vector_spacing << 0x5))), function at exception vector 27 too large)

.vector_28      0x000000009d006580        0x8
 *(.vector_28)
 .vector_28     0x000000009d006580        0x8 /opt/microchip/xc32/v4.45/bin/bin/../../lib/gcc/pic32mx/8.3.1/../../../../pic32mx/lib/libpic32.a(vector28.o)
                0x000000009d006580                __vector_dispatch_28
                0x0000000000000001                ASSERT (((_vector_spacing == 0x0) || (SIZEOF (.vector_28) <= (_vector_spacing << 0x5))), function at exception vector 28 too large)

.vector_29      0x000000009d0065a0        0x8
 *(.vector_29)
 .vector_29     0x000000009d0065a0        0x8 /opt/microchip/xc32/v4.45/bin/bin/../../lib/gcc/pic32mx/8.3.1/../../../../pic32mx/lib/libpic32.a(vector29.o)
                0x000000009d0065a0                __vector_dispatch_29
                0x0000000000000001                ASSERT (((_vector_spacing == 0x0) || (SIZEOF (.vector_29) <= (_vector_spacing << 0x5))), function at exception vector 29 too large)

.vector_30      0x000000009d0065c0        0x8
 *(.vector_30)
 .vector_30     0x000000009d0065c0        0x8 /opt/microchip/xc32/v4.45/bin/bin/../../lib/gcc/pic32mx/8.3.1/../../../../pic32mx/lib/libpic32.a(vector30.o)
                0x000000009d0065c0                __vector_dispatch_30
                0x0000000000000001                ASSERT (((_vector_spacing == 0x0) || (SIZEOF (.vector_30) <= (_vector_spacing << 0x5))), function at exception vector 30 too large)

.vector_31      0x000000009d0065e0        0x8
 *(.vector_31)
 .vector_31     0x000000009d0065e0        0x8 /opt/microchip/xc32/v4.45/bin/bin/../../lib/gcc/pic32mx/8.3.1/../../../../pic32mx/lib/libpic32.a(vector31.o)
                0x000000009d0065e0                __vector_dispatch_31
                0x0000000000000001                ASSERT (((_vector_spacing == 0x0) || (SIZEOF (.vector_31) <= (_vector_spacing << 0x5))), function at exception vector 31 too large)

.vector_32      0x000000009d006600        0x8
 *(.vector_32)
 .vector_32     0x000000009d006600        0x8 /opt/microchip/xc32/v4.45/bin/bin/../../lib/gcc/pic32mx/8.3.1/../../../../pic32mx/lib/libpic32.a(vector32.o)
                0x000000009d006600                __vector_dispatch_32
                0x0000000000000001                ASSERT (((_vector_spacing == 0x0) || (SIZEOF (.vector_32) <= (_vector_spacing << 0x5))), function at exception vector 32 too large)

.vector_33      0x000000009d006620        0x8
 *(.vector_33)
 .vector_33     0x000000009d006620        0x8 /opt/microchip/xc32/v4.45/bin/bin/../../lib/gcc/pic32mx/8.3.1/../../../../pic32mx/lib/libpic32.a(vector33.o)
                0x000000009d006620                __vector_dispatch_33
                0x0000000000000001                ASSERT (((_vector_spacing == 0x0) || (SIZEOF (.vector_33) <= (_vector_spacing << 0x5))), function at exception vector 33 too large)

.vector_34      0x000000009d006640        0x8
 *(.vector_34)
 .vector_34     0x000000009d006640        0x8 /opt/microchip/xc32/v4.45/bin/bin/../../lib/gcc/pic32mx/8.3.1/../../../../pic32mx/lib/libpic32.a(vector34.o)
                0x000000009d006640                __vector_dispatch_34
                0x0000000000000001                ASSERT (((_vector_spacing == 0x0) || (SIZEOF (.vector_34) <= (_vector_spacing << 0x5))), function at exception vector 34 too large)

.vector_35      0x000000009d006660        0x8
 *(.vector_35)
 .vector_35     0x000000009d006660        0x8 /opt/microchip/xc32/v4.45/bin/bin/../../lib/gcc/pic32mx/8.3.1/../../../../pic32mx/lib/libpic32.a(vector35.o)
                0x000000009d006660                __vector_dispatch_35
                0x0000000000000001                ASSERT (((_vector_spacing == 0x0) || (SIZEOF (.vector_35) <= (_vector_spacing << 0x5))), function at exception vector 35 too large)

.vector_36      0x000000009d006680        0x8
 *(.vector_36)
 .vector_36     0x000000009d006680        0x8 /opt/microchip/xc32/v4.45/bin/bin/../../lib/gcc/pic32mx/8.3.1/../../../../pic32mx/lib/libpic32.a(vector36.o)
                0x000000009d006680                __vector_dispatch_36
                0x0000000000000001                ASSERT (((_vector_spacing == 0x0) || (SIZEOF (.vector_36) <= (_vector_spacing << 0x5))), function at exception vector 36 too large)

.vector_37      0x000000009d0066a0        0x8
 *(.vector_37)
 .vector_37     0x000000009d0066a0        0x8 /opt/microchip/xc32/v4.45/bin/bin/../../lib/gcc/pic32mx/8.3.1/../../../../pic32mx/lib/libpic32.a(vector37.o)
                0x000000009d0066a0                __vector_dispatch_37
                0x0000000000000001                ASSERT (((_vector_spacing == 0x0) || (SIZEOF (.vector_37) <= (_vector_spacing << 0x5))), function at exception vector 37 too large)

.vector_38      0x000000009d0066c0        0x8
 *(.vector_38)
 .vector_38     0x000000009d0066c0        0x8 /opt/microchip/xc32/v4.45/bin/bin/../../lib/gcc/pic32mx/8.3.1/../../../../pic32mx/lib/libpic32.a(vector38.o)
                0x000000009d0066c0                __vector_dispatch_38
                0x0000000000000001                ASSERT (((_vector_spacing == 0x0) || (SIZEOF (.vector_38) <= (_vector_spacing << 0x5))), function at exception vector 38 too large)

.vector_39      0x000000009d0066e0        0x8
 *(.vector_39)
 .vector_39     0x000000009d0066e0        0x8 /opt/microchip/xc32/v4.45/bin/bin/../../lib/gcc/pic32mx/8.3.1/../../../../pic32mx/lib/libpic32.a(vector39.o)
                0x000000009d0066e0                __vector_dispatch_39
                0x0000000000000001                ASSERT (((_vector_spacing == 0x0) || (SIZEOF (.vector_39) <= (_vector_spacing << 0x5))), function at exception vector 39 too large)

.vector_40      0x000000009d006700        0x8
 *(.vector_40)
 .vector_40     0x000000009d006700        0x8 /opt/microchip/xc32/v4.45/bin/bin/../../lib/gcc/pic32mx/8.3.1/../../../../pic32mx/lib/libpic32.a(vector40.o)
                0x000000009d006700                __vector_dispatch_40
                0x0000000000000001                ASSERT (((_vector_spacing == 0x0) || (SIZEOF (.vector_40) <= (_vector_spacing << 0x5))), function at exception vector 40 too large)

.vector_41      0x000000009d006720        0x8
 *(.vector_41)
 .vector_41     0x000000009d006720        0x8 /opt/microchip/xc32/v4.45/bin/bin/../../lib/gcc/pic32mx/8.3.1/../../../../pic32mx/lib/libpic32.a(vector41.o)
                0x000000009d006720                __vector_dispatch_41
                0x0000000000000001                ASSERT (((_vector_spacing == 0x0) || (SIZEOF (.vector_41) <= (_vector_spacing << 0x5))), function at exception vector 41 too large)

.vector_42      0x000000009d006740        0x8
 *(.vector_42)
 .vector_42     0x000000009d006740        0x8 /opt/microchip/xc32/v4.45/bin/bin/../../lib/gcc/pic32mx/8.3.1/../../../../pic32mx/lib/libpic32.a(vector42.o)
                0x000000009d006740                __vector_dispatch_42
                0x0000000000000001                ASSERT (((_vector_spacing == 0x0) || (SIZEOF (.vector_42) <= (_vector_spacing << 0x5))), function at exception vector 42 too large)

.vector_43      0x000000009d006760        0x8
 *(.vector_43)
 .vector_43     0x000000009d006760        0x8 /opt/microchip/xc32/v4.45/bin/bin/../../lib/gcc/pic32mx/8.3.1/../../../../pic32mx/lib/libpic32.a(vector43.o)
                0x000000009d006760                __vector_dispatch_43
                0x0000000000000001                ASSERT (((_vector_spacing == 0x0) || (SIZEOF (.vector_43) <= (_vector_spacing << 0x5))), function at exception vector 43 too large)

.vector_44      0x000000009d006780        0x0
 *(.vector_44)
                0x0000000000000001                ASSERT (((_vector_spacing == 0x0) || (SIZEOF (.vector_44) <= (_vector_spacing << 0x5))), function at exception vector 44 too large)

.vector_45      0x000000009d0067a0        0x0
 *(.vector_45)
                0x0000000000000001                ASSERT (((_vector_spacing == 0x0) || (SIZEOF (.vector_45) <= (_vector_spacing << 0x5))), function at exception vector 45 too large)

.vector_46      0x000000009d0067c0        0x0
 *(.vector_46)
                0x0000000000000001                ASSERT (((_vector_spacing == 0x0) || (SIZEOF (.vector_46) <= (_vector_spacing << 0x5))), function at exception vector 46 too large)

.vector_47      0x000000009d0067e0        0x0
 *(.vector_47)
                0x0000000000000001                ASSERT (((_vector_spacing == 0x0) || (SIZEOF (.vector_47) <= (_vector_spacing << 0x5))), function at exception vector 47 too large)

.vector_48      0x000000009d006800        0x0
 *(.vector_48)
                0x0000000000000001                ASSERT (((_vector_spacing == 0x0) || (SIZEOF (.vector_48) <= (_vector_spacing << 0x5))), function at exception vector 48 too large)

.vector_49      0x000000009d006820        0x0
 *(.vector_49)
                0x0000000000000001                ASSERT (((_vector_spacing == 0x0) || (SIZEOF (.vector_49) <= (_vector_spacing << 0x5))), function at exception vector 49 too large)

.vector_50      0x000000009d006840        0x0
 *(.vector_50)
                0x0000000000000001                ASSERT (((_vector_spacing == 0x0) || (SIZEOF (.vector_50) <= (_vector_spacing << 0x5))), function at exception vector 50 too large)

.vector_51      0x000000009d006860        0x0
 *(.vector_51)
                0x0000000000000001                ASSERT (((_vector_spacing == 0x0) || (SIZEOF (.vector_51) <= (_vector_spacing << 0x5))), function at exception vector 51 too large)

.vector_52      0x000000009d006880        0x0
 *(.vector_52)
                0x0000000000000001                ASSERT (((_vector_spacing == 0x0) || (SIZEOF (.vector_52) <= (_vector_spacing << 0x5))), function at exception vector 52 too large)

.vector_53      0x000000009d0068a0        0x0
 *(.vector_53)
                0x0000000000000001                ASSERT (((_vector_spacing == 0x0) || (SIZEOF (.vector_53) <= (_vector_spacing << 0x5))), function at exception vector 53 too large)

.vector_54      0x000000009d0068c0        0x0
 *(.vector_54)
                0x0000000000000001                ASSERT (((_vector_spacing == 0x0) || (SIZEOF (.vector_54) <= (_vector_spacing << 0x5))), function at exception vector 54 too large)

.vector_55      0x000000009d0068e0        0x0
 *(.vector_55)
                0x0000000000000001                ASSERT (((_vector_spacing == 0x0) || (SIZEOF (.vector_55) <= (_vector_spacing << 0x5))), function at exception vector 55 too large)

.vector_56      0x000000009d006900        0x0
 *(.vector_56)
                0x0000000000000001                ASSERT (((_vector_spacing == 0x0) || (SIZEOF (.vector_56) <= (_vector_spacing << 0x5))), function at exception vector 56 too large)

.vector_57      0x000000009d006920        0x0
 *(.vector_57)
                0x0000000000000001                ASSERT (((_vector_spacing == 0x0) || (SIZEOF (.vector_57) <= (_vector_spacing << 0x5))), function at exception vector 57 too large)

.vector_58      0x000000009d006940        0x0
 *(.vector_58)
                0x0000000000000001                ASSERT (((_vector_spacing == 0x0) || (SIZEOF (.vector_58) <= (_vector_spacing << 0x5))), function at exception vector 58 too large)

.vector_59      0x000000009d006960        0x0
 *(.vector_59)
                0x0000000000000001                ASSERT (((_vector_spacing == 0x0) || (SIZEOF (.vector_59) <= (_vector_spacing << 0x5))), function at exception vector 59 too large)

.vector_60      0x000000009d006980        0x0
 *(.vector_60)
                0x0000000000000001                ASSERT (((_vector_spacing == 0x0) || (SIZEOF (.vector_60) <= (_vector_spacing << 0x5))), function at exception vector 60 too large)

.vector_61      0x000000009d0069a0        0x0
 *(.vector_61)
                0x0000000000000001                ASSERT (((_vector_spacing == 0x0) || (SIZEOF (.vector_61) <= (_vector_spacing << 0x5))), function at exception vector 61 too large)

.vector_62      0x000000009d0069c0        0x0
 *(.vector_62)
                0x0000000000000001                ASSERT (((_vector_spacing == 0x0) || (SIZEOF (.vector_62) <= (_vector_spacing << 0x5))), function at exception vector 62 too large)

.vector_63      0x000000009d0069e0        0x0
 *(.vector_63)
                0x0000000000000001                ASSERT (((_vector_spacing == 0x0) || (SIZEOF (.vector_63) <= (_vector_spacing << 0x5))), function at exception vector 63 too large)

.startup
 *(.startup)

.text
 *(.stub .gnu.linkonce.t.*)
 *(.text.*personality*)
 *(.mips16.fn.*)
 *(.mips16.call.*)
 *(.gnu.warning)

.rodata         0x000000009d007490        0xc
 *(.rodata.* .gnu.linkonce.r.*)
 .rodata.str1.4
                0x000000009d007490        0xc /opt/microchip/xc32/v4.45/bin/bin/../../lib/gcc/pic32mx/8.3.1/../../../../pic32mx/lib/libc-musl.a(__printf_core.o)
 *(.rodata1)
                0x000000009d00749c                . = ALIGN (0x4)

.sdata2         0x000000009d00749c        0x0
 *(.sdata2 .sdata2.* .gnu.linkonce.s2.*)
                0x000000009d00749c                . = ALIGN (0x4)

.sbss2          0x000000009d00749c        0x0
 *(.sbss2 .sbss2.* .gnu.linkonce.sb2.*)
                0x000000009d00749c                . = ALIGN (0x4)

.eh_frame_hdr
 *(.eh_frame_hdr)

.eh_frame
 *(.eh_frame)

.dbg_data       0x00000000a0000000        0x0
                0x00000000a0000000                . = (. + DEFINED (_DEBUGGER)?0x200:0x0)

.persist        0x00000000a0000000        0x0
                0x00000000a0000000                _persist_begin = .
 *(.persist .persist.*)
                0x00000000a0000000                . = ALIGN (0x4)
                0x00000000a0000000                _persist_end = .

.eh_frame
 *(.eh_frame)
                0x00000000a0000000                . = .
                0x00000000a0007ff0                _gp = (ALIGN (0x10) + 0x7ff0)

.got
 *(.got.plt)
 *(.got)

.sdata          0x00000000a0000000        0x4
                0x00000000a0000000                _sdata_begin = .
 *(.sdata .sdata.* .gnu.linkonce.s.*)
 .sdata         0x00000000a0000000        0x4 /opt/microchip/xc32/v4.45/bin/bin/../../lib/gcc/pic32mx/8.3.1/../../../../pic32mx/lib/libpic32.a(xc32_uart.o)
                0x00000000a0000000                __XC_UART
                0x00000000a0000004                _sdata_end = .

.lit8
 *(.lit8)

.lit4
 *(.lit4)
                0x00000000a0000004                . = ALIGN (0x4)
                0x00000000a0000004                _data_end = .
                0x00000000a0000004                _bss_begin = .

.sbss           0x00000000a0000004        0x4
                0x00000000a0000004                _sbss_begin = .
 *(.dynsbss)
 *(.sbss .sbss.* .gnu.linkonce.sb.*)
 .sbss          0x00000000a0000004        0x4 pic32_oscope.o
 *(.scommon)
                0x00000000a0000008                _sbss_end = .

.bss            0x00000000a0000008        0x0
 *(.dynbss)
 *(COMMON)
                0x00000000a0000008                . = ALIGN (0x4)
                0x00000000a0000008                . = ALIGN (0x4)
                0x00000000a0000008                _end = .
                0x00000000a0000008                _bss_end = .
                0x0000000000010000                _bmxdudba_address = LENGTH (kseg1_data_mem)
                0x0000000000010000                _bmxdupba_address = LENGTH (kseg1_data_mem)

/DISCARD/
 *(.pdr)
 *(.reginfo)
 *(.rel.dyn)
 *(.note.GNU-stack)
 *(.note.GNU-stack)
 *(.gnu_debuglink)
 *(.gnu.lto_*)
 *(.discard)

.stab
 *(.stab)

.stabstr
 *(.stabstr)

.stab.excl
 *(.stab.excl)

.stab.exclstr
 *(.stab.exclstr)

.stab.index
 *(.stab.index)

.stab.indexstr
 *(.stab.indexstr)

.comment        0x0000000000000000       0x76
 *(.comment)
 .comment       0x0000000000000000       0x2b nu32dip.o
                                         0x2c (size before relaxing)
 .comment       0x000000000000002b       0x2c pic32_oscope.o
 .comment       0x000000000000002b       0x2c /opt/microchip/xc32/v4.45/bin/bin/../../lib/gcc/pic32mx/8.3.1/../../../../pic32mx/lib/libpic32.a(default-bootstrap-exception-handler.o)
 .comment       0x000000000000002b       0x2c /opt/microchip/xc32/v4.45/bin/bin/../../lib/gcc/pic32mx/8.3.1/../../../../pic32mx/lib/libpic32.a(default-on-reset.o)
 .comment       0x000000000000002b       0x2c /opt/microchip/xc32/v4.45/bin/bin/../../lib/gcc/pic32mx/8.3.1/../../../../pic32mx/lib/libpic32.a(default-on-bootstrap.o)
 .comment       0x000000000000002b       0x2c /opt/microchip/xc32/v4.45/bin/bin/../../lib/gcc/pic32mx/8.3.1/../../../../pic32mx/lib/libpic32.a(default-general-exception-handler.o)
 .comment       0x000000000000002b       0x2c /opt/microchip/xc32/v4.45/bin/bin/../../lib/gcc/pic32mx/8.3.1/../../../../pic32mx/lib/libpic32.a(defaultinterrupt.o)
 .comment       0x000000000000002b       0x2c /opt/microchip/xc32/v4.45/bin/bin/../../lib/gcc/pic32mx/8.3.1/../../../../pic32mx/lib/libc-musl.a(__sio_sprintf_dn.o)
 .comment       0x000000000000002b       0x2c /opt/microchip/xc32/v4.45/bin/bin/../../lib/gcc/pic32mx/8.3.1/../../../../pic32mx/lib/libc-musl.a(__sio_sscanf_cdns.o)
 .comment       0x000000000000002b       0x2c /opt/microchip/xc32/v4.45/bin/bin/../../lib/gcc/pic32mx/8.3.1/../../../../pic32mx/lib/libc-musl.a(__fmt_d.o)
 .comment       0x000000000000002b       0x2c /opt/microchip/xc32/v4.45/bin/bin/../../lib/gcc/pic32mx/8.3.1/../../../../pic32mx/lib/libc-musl.a(__pop_int.o)
 .comment       0x000000000000002b       0x2c /opt/microchip/xc32/v4.45/bin/bin/../../lib/gcc/pic32mx/8.3.1/../../../../pic32mx/lib/libc-musl.a(__pop_ptr.o)
 .comment       0x000000000000002b       0x2c /opt/microchip/xc32/v4.45/bin/bin/../../lib/gcc/pic32mx/8.3.1/../../../../pic32mx/lib/libc-musl.a(__printf_core.o)
 .comment       0x000000000000002b       0x2c /opt/microchip/xc32/v4.45/bin/bin/../../lib/gcc/pic32mx/8.3.1/../../../../pic32mx/lib/libc-musl.a(__scan_d.o)
 .comment       0x000000000000002b       0x2c /opt/microchip/xc32/v4.45/bin/bin/../../lib/gcc/pic32mx/8.3.1/../../../../pic32mx/lib/libc-musl.a(__scan_i.o)
 .comment       0x000000000000002b       0x2c /opt/microchip/xc32/v4.45/bin/bin/../../lib/gcc/pic32mx/8.3.1/../../../../pic32mx/lib/libc-musl.a(__scan_s.o)
 .comment       0x000000000000002b       0x2c /opt/microchip/xc32/v4.45/bin/bin/../../lib/gcc/pic32mx/8.3.1/../../../../pic32mx/lib/libc-musl.a(__scanf_core.o)
 .comment       0x000000000000002b       0x2c /opt/microchip/xc32/v4.45/bin/bin/../../lib/gcc/pic32mx/8.3.1/../../../../pic32mx/lib/libc-musl.a(atoi.o)
 .comment       0x000000000000002b       0x2c /opt/microchip/xc32/v4.45/bin/bin/../../lib/gcc/pic32mx/8.3.1/../../../../pic32mx/lib/libc-musl.a(strtol.o)
 .comment       0x000000000000002b       0x2c /opt/microchip/xc32/v4.45/bin/bin/../../lib/gcc/pic32mx/8.3.1/../../../../pic32mx/lib/libc-musl.a(isxdigit.o)
 .comment       0x000000000000002b       0x2c /opt/microchip/xc32/v4.45/bin/bin/../../lib/gcc/pic32mx/8.3.1/../../../../pic32mx/lib/libc-musl.a(tolower.o)
 .comment       0x000000000000002b       0x2c /opt/microchip/xc32/v4.45/bin/bin/../../lib/gcc/pic32mx/8.3.1/../../../../pic32mx/lib/libc-musl.a(intscan.o)
 .comment       0x000000000000002b       0x2c /opt/microchip/xc32/v4.45/bin/bin/../../lib/gcc/pic32mx/8.3.1/../../../../pic32mx/lib/libc-musl.a(shgetc.o)
 .comment       0x000000000000002b       0x2c /opt/microchip/xc32/v4.45/bin/bin/../../lib/gcc/pic32mx/8.3.1/../../../../pic32mx/lib/libc-musl.a(__int_vsprintf.o)
 .comment       0x000000000000002b       0x2c /opt/microchip/xc32/v4.45/bin/bin/../../lib/gcc/pic32mx/8.3.1/../../../../pic32mx/lib/libc-musl.a(__int_vsscanf.o)
 .comment       0x000000000000002b       0x2c /opt/microchip/xc32/v4.45/bin/bin/../../lib/gcc/pic32mx/8.3.1/../../../../pic32mx/lib/libc-musl.a(__string_read.o)
 .comment       0x000000000000002b       0x2c /opt/microchip/xc32/v4.45/bin/bin/../../lib/gcc/pic32mx/8.3.1/../../../../pic32mx/lib/libc-musl.a(__uflow.o)
 .comment       0x000000000000002b       0x2c /opt/microchip/xc32/v4.45/bin/bin/../../lib/gcc/pic32mx/8.3.1/../../../../pic32mx/lib/libc-musl.a(__cvt_u.o)
 .comment       0x000000000000002b       0x2c /opt/microchip/xc32/v4.45/bin/bin/../../lib/gcc/pic32mx/8.3.1/../../../../pic32mx/lib/libc-musl.a(__io_rw_needed.o)
 .comment       0x000000000000002b       0x2c /opt/microchip/xc32/v4.45/bin/bin/../../lib/gcc/pic32mx/8.3.1/../../../../pic32mx/lib/libc-musl.a(__pop_float.o)
 .comment       0x000000000000002b       0x2c /opt/microchip/xc32/v4.45/bin/bin/../../lib/gcc/pic32mx/8.3.1/../../../../pic32mx/lib/libc-musl.a(__push_float.o)
 .comment       0x000000000000002b       0x2c /opt/microchip/xc32/v4.45/bin/bin/../../lib/gcc/pic32mx/8.3.1/../../../../pic32mx/lib/libc-musl.a(__push_int.o)
 .comment       0x000000000000002b       0x2c /opt/microchip/xc32/v4.45/bin/bin/../../lib/gcc/pic32mx/8.3.1/../../../../pic32mx/lib/libc-musl.a(__read_int.o)
 .comment       0x000000000000002b       0x2c /opt/microchip/xc32/v4.45/bin/bin/../../lib/gcc/pic32mx/8.3.1/../../../../pic32mx/lib/libc-musl.a(__towrite_rw.o)
 .comment       0x000000000000002b       0x2c /opt/microchip/xc32/v4.45/bin/bin/../../lib/gcc/pic32mx/8.3.1/../../../../pic32mx/lib/libc-musl.a(__int_vfscanf.o)
 .comment       0x000000000000002b       0x2c /opt/microchip/xc32/v4.45/bin/bin/../../lib/gcc/pic32mx/8.3.1/../../../../pic32mx/lib/libc-musl.a(__int_vsnprintf.o)
 .comment       0x000000000000002b       0x2c /opt/microchip/xc32/v4.45/bin/bin/../../lib/gcc/pic32mx/8.3.1/../../../../pic32mx/lib/libc-musl.a(__toread.o)
 .comment       0x000000000000002b       0x2c /opt/microchip/xc32/v4.45/bin/bin/../../lib/gcc/pic32mx/8.3.1/../../../../pic32mx/lib/libc-musl.a(__fopen_rw.o)
 .comment       0x000000000000002b       0x2c /opt/microchip/xc32/v4.45/bin/bin/../../lib/gcc/pic32mx/8.3.1/../../../../pic32mx/lib/libc-musl.a(__ftello_rw.o)
 .comment       0x000000000000002b       0x2c /opt/microchip/xc32/v4.45/bin/bin/../../lib/gcc/pic32mx/8.3.1/../../../../pic32mx/lib/libc-musl.a(__io_buf_needed.o)
 .comment       0x000000000000002b       0x2c /opt/microchip/xc32/v4.45/bin/bin/../../lib/gcc/pic32mx/8.3.1/../../../../pic32mx/lib/libc-musl.a(__io_file_needed.o)
 .comment       0x000000000000002b       0x2c /opt/microchip/xc32/v4.45/bin/bin/../../lib/gcc/pic32mx/8.3.1/../../../../pic32mx/lib/libc-musl.a(__io_std_needed.o)
 .comment       0x000000000000002b       0x2c /opt/microchip/xc32/v4.45/bin/bin/../../lib/gcc/pic32mx/8.3.1/../../../../pic32mx/lib/libc-musl.a(__out.o)
 .comment       0x000000000000002b       0x2c /opt/microchip/xc32/v4.45/bin/bin/../../lib/gcc/pic32mx/8.3.1/../../../../pic32mx/lib/libc-musl.a(__putc.o)
 .comment       0x000000000000002b       0x2c /opt/microchip/xc32/v4.45/bin/bin/../../lib/gcc/pic32mx/8.3.1/../../../../pic32mx/lib/libc-musl.a(__stderr.o)
 .comment       0x000000000000002b       0x2c /opt/microchip/xc32/v4.45/bin/bin/../../lib/gcc/pic32mx/8.3.1/../../../../pic32mx/lib/libc-musl.a(__stdio_close.o)
 .comment       0x000000000000002b       0x2c /opt/microchip/xc32/v4.45/bin/bin/../../lib/gcc/pic32mx/8.3.1/../../../../pic32mx/lib/libc-musl.a(__stdio_exit.o)
 .comment       0x000000000000002b       0x2c /opt/microchip/xc32/v4.45/bin/bin/../../lib/gcc/pic32mx/8.3.1/../../../../pic32mx/lib/libc-musl.a(__stdio_read.o)
 .comment       0x000000000000002b       0x2c /opt/microchip/xc32/v4.45/bin/bin/../../lib/gcc/pic32mx/8.3.1/../../../../pic32mx/lib/libc-musl.a(__stdio_seek.o)
 .comment       0x000000000000002b       0x2c /opt/microchip/xc32/v4.45/bin/bin/../../lib/gcc/pic32mx/8.3.1/../../../../pic32mx/lib/libc-musl.a(__stdout.o)
 .comment       0x000000000000002b       0x2c /opt/microchip/xc32/v4.45/bin/bin/../../lib/gcc/pic32mx/8.3.1/../../../../pic32mx/lib/libc-musl.a(putc.o)
 .comment       0x000000000000002b       0x2c /opt/microchip/xc32/v4.45/bin/bin/../../lib/gcc/pic32mx/8.3.1/../../../../pic32mx/lib/libc-musl.a(readv.o)
 .comment       0x000000000000002b       0x2c /opt/microchip/xc32/v4.45/bin/bin/../../lib/gcc/pic32mx/8.3.1/../../../../pic32mx/lib/libc-musl.a(__int_vfprintf.o)
 .comment       0x000000000000002b       0x2c /opt/microchip/xc32/v4.45/bin/bin/../../lib/gcc/pic32mx/8.3.1/../../../../pic32mx/lib/libc-musl.a(__overflow.o)
 .comment       0x000000000000002b       0x2c /opt/microchip/xc32/v4.45/bin/bin/../../lib/gcc/pic32mx/8.3.1/../../../../pic32mx/lib/libc-musl.a(__fclose.o)
 .comment       0x000000000000002b       0x2c /opt/microchip/xc32/v4.45/bin/bin/../../lib/gcc/pic32mx/8.3.1/../../../../pic32mx/lib/libc-musl.a(__fopen.o)
 .comment       0x000000000000002b       0x2c /opt/microchip/xc32/v4.45/bin/bin/../../lib/gcc/pic32mx/8.3.1/../../../../pic32mx/lib/libc-musl.a(__fseeko.o)
 .comment       0x000000000000002b       0x2c /opt/microchip/xc32/v4.45/bin/bin/../../lib/gcc/pic32mx/8.3.1/../../../../pic32mx/lib/libc-musl.a(__ftello.o)
 .comment       0x000000000000002b       0x2c /opt/microchip/xc32/v4.45/bin/bin/../../lib/gcc/pic32mx/8.3.1/../../../../pic32mx/lib/libc-musl.a(__fwrite.o)
 .comment       0x000000000000002b       0x2c /opt/microchip/xc32/v4.45/bin/bin/../../lib/gcc/pic32mx/8.3.1/../../../../pic32mx/lib/libc-musl.a(__io_init_needed.o)
 .comment       0x000000000000002b       0x2c /opt/microchip/xc32/v4.45/bin/bin/../../lib/gcc/pic32mx/8.3.1/../../../../pic32mx/lib/libc-musl.a(__towrite.o)
 .comment       0x000000000000002b       0x2c /opt/microchip/xc32/v4.45/bin/bin/../../lib/gcc/pic32mx/8.3.1/../../../../pic32mx/lib/libc-musl.a(__init_stdio.o)
 .comment       0x000000000000002b       0x2c /opt/microchip/xc32/v4.45/bin/bin/../../lib/gcc/pic32mx/8.3.1/libgcc.a(_lshrdi3.o)
 .comment       0x000000000000002b       0x2c /opt/microchip/xc32/v4.45/bin/bin/../../lib/gcc/pic32mx/8.3.1/libgcc.a(_ashldi3.o)
 .comment       0x000000000000002b       0x2c /opt/microchip/xc32/v4.45/bin/bin/../../lib/gcc/pic32mx/8.3.1/libgcc.a(_udivdi3.o)
 .comment       0x000000000000002b       0x2c /opt/microchip/xc32/v4.45/bin/bin/../../lib/gcc/pic32mx/8.3.1/libgcc.a(_umoddi3.o)
 .comment       0x000000000000002b       0x2c /opt/microchip/xc32/v4.45/bin/bin/../../lib/gcc/pic32mx/8.3.1/../../../../pic32mx/lib/libpic32.a(read.o)
 .comment       0x000000000000002b       0x2c /opt/microchip/xc32/v4.45/bin/bin/../../lib/gcc/pic32mx/8.3.1/../../../../pic32mx/lib/libpic32.a(write.o)
 .comment       0x000000000000002b       0x2c /opt/microchip/xc32/v4.45/bin/bin/../../lib/gcc/pic32mx/8.3.1/../../../../pic32mx/lib/libpic32.a(lseek.o)
 .comment       0x000000000000002b       0x2c /opt/microchip/xc32/v4.45/bin/bin/../../lib/gcc/pic32mx/8.3.1/../../../../pic32mx/lib/libpic32.a(close.o)
 .comment       0x000000000000002b       0x2c /opt/microchip/xc32/v4.45/bin/bin/../../lib/gcc/pic32mx/8.3.1/../../../../pic32mx/lib/libpic32.a(xc32_uart.o)
 .comment       0x000000000000002b       0x2c /opt/microchip/xc32/v4.45/bin/bin/../../lib/gcc/pic32mx/8.3.1/../../../../pic32mx/lib/libpic32.a(errno.o)
 .comment       0x000000000000002b       0x2c /opt/microchip/xc32/v4.45/bin/bin/../../lib/gcc/pic32mx/8.3.1/../../../../pic32mx/lib/libpic32.a(_mon_putc.o)
 .comment       0x000000000000002b       0x2c /opt/microchip/xc32/v4.45/bin/bin/../../lib/gcc/pic32mx/8.3.1/../../../../pic32mx/lib/libc-size-musl.a(memchr.o)
 .comment       0x000000000000002b       0x2c /opt/microchip/xc32/v4.45/bin/bin/../../lib/gcc/pic32mx/8.3.1/../../../../pic32mx/lib/libc-size-musl.a(memcpy.o)
 .comment       0x000000000000002b       0x2c /opt/microchip/xc32/v4.45/bin/bin/../../lib/gcc/pic32mx/8.3.1/../../../../pic32mx/lib/libc-size-musl.a(memset.o)
 .comment       0x000000000000002b       0x2c /opt/microchip/xc32/v4.45/bin/bin/../../lib/gcc/pic32mx/8.3.1/../../../../pic32mx/lib/libc-size-musl.a(strlen.o)
 .comment       0x000000000000002b       0x2c /opt/microchip/xc32/v4.45/bin/bin/../../lib/gcc/pic32mx/8.3.1/../../../../pic32mx/lib/liblmalloc-musl.a(lite_malloc.o)
 .comment       0x000000000000002b       0x2c /opt/microchip/xc32/v4.45/bin/bin/../../lib/gcc/pic32mx/8.3.1/../../../../pic32mx/lib/liblmalloc-musl.a(lite_free.o)
 .comment       0x000000000000002b       0x2c /opt/microchip/xc32/v4.45/bin/bin/../../lib/gcc/pic32mx/8.3.1/../../../../pic32mx/lib/libc-musl.a(expand_heap.o)
 .comment       0x000000000000002b       0x4b /opt/microchip/xc32/v4.45/bin/bin/../../lib/gcc/pic32mx/8.3.1/../../../../pic32mx/lib/libpic32.a(sbrk.o)
                                         0x77 (size before relaxing)

.debug
 *(.debug)

.line
 *(.line)

.debug_srcinfo
 *(.debug_srcinfo)

.debug_sfnames
 *(.debug_sfnames)

.debug_aranges  0x0000000000000000      0xb70
 *(.debug_aranges)
 .debug_aranges
                0x0000000000000000       0x20 nu32dip.o
 .debug_aranges
                0x0000000000000020       0x20 pic32_oscope.o
 .debug_aranges
                0x0000000000000040       0x20 /opt/microchip/xc32/v4.45/bin/bin/../../lib/gcc/pic32mx/8.3.1/../../../../pic32mx/lib/libpic32.a(default-bootstrap-exception-handler.o)
 .debug_aranges
                0x0000000000000060       0x20 /opt/microchip/xc32/v4.45/bin/bin/../../lib/gcc/pic32mx/8.3.1/../../../../pic32mx/lib/libpic32.a(default-on-reset.o)
 .debug_aranges
                0x0000000000000080       0x20 /opt/microchip/xc32/v4.45/bin/bin/../../lib/gcc/pic32mx/8.3.1/../../../../pic32mx/lib/libpic32.a(default-on-bootstrap.o)
 .debug_aranges
                0x00000000000000a0       0x20 /opt/microchip/xc32/v4.45/bin/bin/../../lib/gcc/pic32mx/8.3.1/../../../../pic32mx/lib/libpic32.a(default-general-exception-handler.o)
 .debug_aranges
                0x00000000000000c0       0x20 /opt/microchip/xc32/v4.45/bin/bin/../../lib/gcc/pic32mx/8.3.1/../../../../pic32mx/lib/libpic32.a(defaultinterrupt.o)
 .debug_aranges
                0x00000000000000e0       0x28 /opt/microchip/xc32/v4.45/bin/bin/../../lib/gcc/pic32mx/8.3.1/../../../../pic32mx/lib/libc-musl.a(__sio_sprintf_dn.o)
 .debug_aranges
                0x0000000000000108       0x28 /opt/microchip/xc32/v4.45/bin/bin/../../lib/gcc/pic32mx/8.3.1/../../../../pic32mx/lib/libc-musl.a(__sio_sscanf_cdns.o)
 .debug_aranges
                0x0000000000000130       0x20 /opt/microchip/xc32/v4.45/bin/bin/../../lib/gcc/pic32mx/8.3.1/../../../../pic32mx/lib/libc-musl.a(__fmt_d.o)
 .debug_aranges
                0x0000000000000150       0x20 /opt/microchip/xc32/v4.45/bin/bin/../../lib/gcc/pic32mx/8.3.1/../../../../pic32mx/lib/libc-musl.a(__pop_int.o)
 .debug_aranges
                0x0000000000000170       0x20 /opt/microchip/xc32/v4.45/bin/bin/../../lib/gcc/pic32mx/8.3.1/../../../../pic32mx/lib/libc-musl.a(__pop_ptr.o)
 .debug_aranges
                0x0000000000000190       0x50 /opt/microchip/xc32/v4.45/bin/bin/../../lib/gcc/pic32mx/8.3.1/../../../../pic32mx/lib/libc-musl.a(__printf_core.o)
 .debug_aranges
                0x00000000000001e0       0x28 /opt/microchip/xc32/v4.45/bin/bin/../../lib/gcc/pic32mx/8.3.1/../../../../pic32mx/lib/libc-musl.a(__scan_d.o)
 .debug_aranges
                0x0000000000000208       0x20 /opt/microchip/xc32/v4.45/bin/bin/../../lib/gcc/pic32mx/8.3.1/../../../../pic32mx/lib/libc-musl.a(__scan_i.o)
 .debug_aranges
                0x0000000000000228       0x20 /opt/microchip/xc32/v4.45/bin/bin/../../lib/gcc/pic32mx/8.3.1/../../../../pic32mx/lib/libc-musl.a(__scan_s.o)
 .debug_aranges
                0x0000000000000248       0x48 /opt/microchip/xc32/v4.45/bin/bin/../../lib/gcc/pic32mx/8.3.1/../../../../pic32mx/lib/libc-musl.a(__scanf_core.o)
 .debug_aranges
                0x0000000000000290       0x20 /opt/microchip/xc32/v4.45/bin/bin/../../lib/gcc/pic32mx/8.3.1/../../../../pic32mx/lib/libc-musl.a(atoi.o)
 .debug_aranges
                0x00000000000002b0       0x50 /opt/microchip/xc32/v4.45/bin/bin/../../lib/gcc/pic32mx/8.3.1/../../../../pic32mx/lib/libc-musl.a(strtol.o)
 .debug_aranges
                0x0000000000000300       0x28 /opt/microchip/xc32/v4.45/bin/bin/../../lib/gcc/pic32mx/8.3.1/../../../../pic32mx/lib/libc-musl.a(isxdigit.o)
 .debug_aranges
                0x0000000000000328       0x28 /opt/microchip/xc32/v4.45/bin/bin/../../lib/gcc/pic32mx/8.3.1/../../../../pic32mx/lib/libc-musl.a(tolower.o)
 .debug_aranges
                0x0000000000000350       0x20 /opt/microchip/xc32/v4.45/bin/bin/../../lib/gcc/pic32mx/8.3.1/../../../../pic32mx/lib/libc-musl.a(intscan.o)
 .debug_aranges
                0x0000000000000370       0x28 /opt/microchip/xc32/v4.45/bin/bin/../../lib/gcc/pic32mx/8.3.1/../../../../pic32mx/lib/libc-musl.a(shgetc.o)
 .debug_aranges
                0x0000000000000398       0x20 /opt/microchip/xc32/v4.45/bin/bin/../../lib/gcc/pic32mx/8.3.1/../../../../pic32mx/lib/libc-musl.a(__int_vsprintf.o)
 .debug_aranges
                0x00000000000003b8       0x28 /opt/microchip/xc32/v4.45/bin/bin/../../lib/gcc/pic32mx/8.3.1/../../../../pic32mx/lib/libc-musl.a(__int_vsscanf.o)
 .debug_aranges
                0x00000000000003e0       0x20 /opt/microchip/xc32/v4.45/bin/bin/../../lib/gcc/pic32mx/8.3.1/../../../../pic32mx/lib/libc-musl.a(__string_read.o)
 .debug_aranges
                0x0000000000000400       0x20 /opt/microchip/xc32/v4.45/bin/bin/../../lib/gcc/pic32mx/8.3.1/../../../../pic32mx/lib/libc-musl.a(__uflow.o)
 .debug_aranges
                0x0000000000000420       0x20 /opt/microchip/xc32/v4.45/bin/bin/../../lib/gcc/pic32mx/8.3.1/../../../../pic32mx/lib/libc-musl.a(__cvt_u.o)
 .debug_aranges
                0x0000000000000440       0x20 /opt/microchip/xc32/v4.45/bin/bin/../../lib/gcc/pic32mx/8.3.1/../../../../pic32mx/lib/libc-musl.a(__io_rw_needed.o)
 .debug_aranges
                0x0000000000000460       0x20 /opt/microchip/xc32/v4.45/bin/bin/../../lib/gcc/pic32mx/8.3.1/../../../../pic32mx/lib/libc-musl.a(__pop_float.o)
 .debug_aranges
                0x0000000000000480       0x20 /opt/microchip/xc32/v4.45/bin/bin/../../lib/gcc/pic32mx/8.3.1/../../../../pic32mx/lib/libc-musl.a(__push_float.o)
 .debug_aranges
                0x00000000000004a0       0x20 /opt/microchip/xc32/v4.45/bin/bin/../../lib/gcc/pic32mx/8.3.1/../../../../pic32mx/lib/libc-musl.a(__push_int.o)
 .debug_aranges
                0x00000000000004c0       0x20 /opt/microchip/xc32/v4.45/bin/bin/../../lib/gcc/pic32mx/8.3.1/../../../../pic32mx/lib/libc-musl.a(__read_int.o)
 .debug_aranges
                0x00000000000004e0       0x20 /opt/microchip/xc32/v4.45/bin/bin/../../lib/gcc/pic32mx/8.3.1/../../../../pic32mx/lib/libc-musl.a(__towrite_rw.o)
 .debug_aranges
                0x0000000000000500       0x20 /opt/microchip/xc32/v4.45/bin/bin/../../lib/gcc/pic32mx/8.3.1/../../../../pic32mx/lib/libc-musl.a(__int_vfscanf.o)
 .debug_aranges
                0x0000000000000520       0x20 /opt/microchip/xc32/v4.45/bin/bin/../../lib/gcc/pic32mx/8.3.1/../../../../pic32mx/lib/libc-musl.a(__int_vsnprintf.o)
 .debug_aranges
                0x0000000000000540       0x28 /opt/microchip/xc32/v4.45/bin/bin/../../lib/gcc/pic32mx/8.3.1/../../../../pic32mx/lib/libc-musl.a(__toread.o)
 .debug_aranges
                0x0000000000000568       0x20 /opt/microchip/xc32/v4.45/bin/bin/../../lib/gcc/pic32mx/8.3.1/../../../../pic32mx/lib/libc-musl.a(__fopen_rw.o)
 .debug_aranges
                0x0000000000000588       0x20 /opt/microchip/xc32/v4.45/bin/bin/../../lib/gcc/pic32mx/8.3.1/../../../../pic32mx/lib/libc-musl.a(__ftello_rw.o)
 .debug_aranges
                0x00000000000005a8       0x20 /opt/microchip/xc32/v4.45/bin/bin/../../lib/gcc/pic32mx/8.3.1/../../../../pic32mx/lib/libc-musl.a(__io_buf_needed.o)
 .debug_aranges
                0x00000000000005c8       0x20 /opt/microchip/xc32/v4.45/bin/bin/../../lib/gcc/pic32mx/8.3.1/../../../../pic32mx/lib/libc-musl.a(__io_file_needed.o)
 .debug_aranges
                0x00000000000005e8       0x20 /opt/microchip/xc32/v4.45/bin/bin/../../lib/gcc/pic32mx/8.3.1/../../../../pic32mx/lib/libc-musl.a(__io_std_needed.o)
 .debug_aranges
                0x0000000000000608       0x28 /opt/microchip/xc32/v4.45/bin/bin/../../lib/gcc/pic32mx/8.3.1/../../../../pic32mx/lib/libc-musl.a(__out.o)
 .debug_aranges
                0x0000000000000630       0x20 /opt/microchip/xc32/v4.45/bin/bin/../../lib/gcc/pic32mx/8.3.1/../../../../pic32mx/lib/libc-musl.a(__putc.o)
 .debug_aranges
                0x0000000000000650       0x30 /opt/microchip/xc32/v4.45/bin/bin/../../lib/gcc/pic32mx/8.3.1/../../../../pic32mx/lib/libc-musl.a(__stderr.o)
 .debug_aranges
                0x0000000000000680       0x28 /opt/microchip/xc32/v4.45/bin/bin/../../lib/gcc/pic32mx/8.3.1/../../../../pic32mx/lib/libc-musl.a(__stdio_close.o)
 .debug_aranges
                0x00000000000006a8       0x30 /opt/microchip/xc32/v4.45/bin/bin/../../lib/gcc/pic32mx/8.3.1/../../../../pic32mx/lib/libc-musl.a(__stdio_exit.o)
 .debug_aranges
                0x00000000000006d8       0x20 /opt/microchip/xc32/v4.45/bin/bin/../../lib/gcc/pic32mx/8.3.1/../../../../pic32mx/lib/libc-musl.a(__stdio_read.o)
 .debug_aranges
                0x00000000000006f8       0x30 /opt/microchip/xc32/v4.45/bin/bin/../../lib/gcc/pic32mx/8.3.1/../../../../pic32mx/lib/libc-musl.a(__stdio_seek.o)
 .debug_aranges
                0x0000000000000728       0x30 /opt/microchip/xc32/v4.45/bin/bin/../../lib/gcc/pic32mx/8.3.1/../../../../pic32mx/lib/libc-musl.a(__stdout.o)
 .debug_aranges
                0x0000000000000758       0x30 /opt/microchip/xc32/v4.45/bin/bin/../../lib/gcc/pic32mx/8.3.1/../../../../pic32mx/lib/libc-musl.a(putc.o)
 .debug_aranges
                0x0000000000000788       0x20 /opt/microchip/xc32/v4.45/bin/bin/../../lib/gcc/pic32mx/8.3.1/../../../../pic32mx/lib/libc-musl.a(readv.o)
 .debug_aranges
                0x00000000000007a8       0x20 /opt/microchip/xc32/v4.45/bin/bin/../../lib/gcc/pic32mx/8.3.1/../../../../pic32mx/lib/libc-musl.a(__int_vfprintf.o)
 .debug_aranges
                0x00000000000007c8       0x20 /opt/microchip/xc32/v4.45/bin/bin/../../lib/gcc/pic32mx/8.3.1/../../../../pic32mx/lib/libc-musl.a(__overflow.o)
 .debug_aranges
                0x00000000000007e8       0x20 /opt/microchip/xc32/v4.45/bin/bin/../../lib/gcc/pic32mx/8.3.1/../../../../pic32mx/lib/libc-musl.a(__fclose.o)
 .debug_aranges
                0x0000000000000808       0x30 /opt/microchip/xc32/v4.45/bin/bin/../../lib/gcc/pic32mx/8.3.1/../../../../pic32mx/lib/libc-musl.a(__fopen.o)
 .debug_aranges
                0x0000000000000838       0x20 /opt/microchip/xc32/v4.45/bin/bin/../../lib/gcc/pic32mx/8.3.1/../../../../pic32mx/lib/libc-musl.a(__fseeko.o)
 .debug_aranges
                0x0000000000000858       0x28 /opt/microchip/xc32/v4.45/bin/bin/../../lib/gcc/pic32mx/8.3.1/../../../../pic32mx/lib/libc-musl.a(__ftello.o)
 .debug_aranges
                0x0000000000000880       0x28 /opt/microchip/xc32/v4.45/bin/bin/../../lib/gcc/pic32mx/8.3.1/../../../../pic32mx/lib/libc-musl.a(__fwrite.o)
 .debug_aranges
                0x00000000000008a8       0x28 /opt/microchip/xc32/v4.45/bin/bin/../../lib/gcc/pic32mx/8.3.1/../../../../pic32mx/lib/libc-musl.a(__io_init_needed.o)
 .debug_aranges
                0x00000000000008d0       0x28 /opt/microchip/xc32/v4.45/bin/bin/../../lib/gcc/pic32mx/8.3.1/../../../../pic32mx/lib/libc-musl.a(__towrite.o)
 .debug_aranges
                0x00000000000008f8       0x28 /opt/microchip/xc32/v4.45/bin/bin/../../lib/gcc/pic32mx/8.3.1/../../../../pic32mx/lib/libc-musl.a(__init_stdio.o)
 .debug_aranges
                0x0000000000000920       0x20 /opt/microchip/xc32/v4.45/bin/bin/../../lib/gcc/pic32mx/8.3.1/libgcc.a(_lshrdi3.o)
 .debug_aranges
                0x0000000000000940       0x20 /opt/microchip/xc32/v4.45/bin/bin/../../lib/gcc/pic32mx/8.3.1/libgcc.a(_ashldi3.o)
 .debug_aranges
                0x0000000000000960       0x20 /opt/microchip/xc32/v4.45/bin/bin/../../lib/gcc/pic32mx/8.3.1/libgcc.a(_udivdi3.o)
 .debug_aranges
                0x0000000000000980       0x20 /opt/microchip/xc32/v4.45/bin/bin/../../lib/gcc/pic32mx/8.3.1/libgcc.a(_umoddi3.o)
 .debug_aranges
                0x00000000000009a0       0x20 /opt/microchip/xc32/v4.45/bin/bin/../../lib/gcc/pic32mx/8.3.1/../../../../pic32mx/lib/libpic32.a(read.o)
 .debug_aranges
                0x00000000000009c0       0x20 /opt/microchip/xc32/v4.45/bin/bin/../../lib/gcc/pic32mx/8.3.1/../../../../pic32mx/lib/libpic32.a(write.o)
 .debug_aranges
                0x00000000000009e0       0x20 /opt/microchip/xc32/v4.45/bin/bin/../../lib/gcc/pic32mx/8.3.1/../../../../pic32mx/lib/libpic32.a(lseek.o)
 .debug_aranges
                0x0000000000000a00       0x20 /opt/microchip/xc32/v4.45/bin/bin/../../lib/gcc/pic32mx/8.3.1/../../../../pic32mx/lib/libpic32.a(close.o)
 .debug_aranges
                0x0000000000000a20       0x20 /opt/microchip/xc32/v4.45/bin/bin/../../lib/gcc/pic32mx/8.3.1/../../../../pic32mx/lib/libpic32.a(_mon_putc.o)
 .debug_aranges
                0x0000000000000a40       0x20 /opt/microchip/xc32/v4.45/bin/bin/../../lib/gcc/pic32mx/8.3.1/../../../../pic32mx/lib/libc-size-musl.a(memchr.o)
 .debug_aranges
                0x0000000000000a60       0x20 /opt/microchip/xc32/v4.45/bin/bin/../../lib/gcc/pic32mx/8.3.1/../../../../pic32mx/lib/libc-size-musl.a(memcpy.o)
 .debug_aranges
                0x0000000000000a80       0x20 /opt/microchip/xc32/v4.45/bin/bin/../../lib/gcc/pic32mx/8.3.1/../../../../pic32mx/lib/libc-size-musl.a(memset.o)
 .debug_aranges
                0x0000000000000aa0       0x20 /opt/microchip/xc32/v4.45/bin/bin/../../lib/gcc/pic32mx/8.3.1/../../../../pic32mx/lib/libc-size-musl.a(strlen.o)
 .debug_aranges
                0x0000000000000ac0       0x20 /opt/microchip/xc32/v4.45/bin/bin/../../lib/gcc/pic32mx/8.3.1/../../../../pic32mx/lib/liblmalloc-musl.a(lite_malloc.o)
 .debug_aranges
                0x0000000000000ae0       0x30 /opt/microchip/xc32/v4.45/bin/bin/../../lib/gcc/pic32mx/8.3.1/../../../../pic32mx/lib/liblmalloc-musl.a(lite_free.o)
 .debug_aranges
                0x0000000000000b10       0x20 /opt/microchip/xc32/v4.45/bin/bin/../../lib/gcc/pic32mx/8.3.1/../../../../pic32mx/lib/libc-musl.a(expand_heap.o)
 .debug_aranges
                0x0000000000000b30       0x40 /opt/microchip/xc32/v4.45/bin/bin/../../lib/gcc/pic32mx/8.3.1/../../../../pic32mx/lib/libpic32.a(sbrk.o)

.debug_pubnames
 *(.debug_pubnames)

.debug_info     0x0000000000000000     0xde5e
 *(.debug_info .gnu.linkonce.wi.*)
 .debug_info    0x0000000000000000      0x9f6 nu32dip.o
 .debug_info    0x00000000000009f6     0x13bf pic32_oscope.o
 .debug_info    0x0000000000001db5       0x41 /opt/microchip/xc32/v4.45/bin/bin/../../lib/gcc/pic32mx/8.3.1/../../../../pic32mx/lib/libpic32.a(default-bootstrap-exception-handler.o)
 .debug_info    0x0000000000001df6       0x3f /opt/microchip/xc32/v4.45/bin/bin/../../lib/gcc/pic32mx/8.3.1/../../../../pic32mx/lib/libpic32.a(default-on-reset.o)
 .debug_info    0x0000000000001e35       0x3f /opt/microchip/xc32/v4.45/bin/bin/../../lib/gcc/pic32mx/8.3.1/../../../../pic32mx/lib/libpic32.a(default-on-bootstrap.o)
 .debug_info    0x0000000000001e74       0x41 /opt/microchip/xc32/v4.45/bin/bin/../../lib/gcc/pic32mx/8.3.1/../../../../pic32mx/lib/libpic32.a(default-general-exception-handler.o)
 .debug_info    0x0000000000001eb5       0x40 /opt/microchip/xc32/v4.45/bin/bin/../../lib/gcc/pic32mx/8.3.1/../../../../pic32mx/lib/libpic32.a(defaultinterrupt.o)
 .debug_info    0x0000000000001ef5      0x18b /opt/microchip/xc32/v4.45/bin/bin/../../lib/gcc/pic32mx/8.3.1/../../../../pic32mx/lib/libc-musl.a(__sio_sprintf_dn.o)
 .debug_info    0x0000000000002080      0x185 /opt/microchip/xc32/v4.45/bin/bin/../../lib/gcc/pic32mx/8.3.1/../../../../pic32mx/lib/libc-musl.a(__sio_sscanf_cdns.o)
 .debug_info    0x0000000000002205      0x327 /opt/microchip/xc32/v4.45/bin/bin/../../lib/gcc/pic32mx/8.3.1/../../../../pic32mx/lib/libc-musl.a(__fmt_d.o)
 .debug_info    0x000000000000252c      0x14e /opt/microchip/xc32/v4.45/bin/bin/../../lib/gcc/pic32mx/8.3.1/../../../../pic32mx/lib/libc-musl.a(__pop_int.o)
 .debug_info    0x000000000000267a      0x15e /opt/microchip/xc32/v4.45/bin/bin/../../lib/gcc/pic32mx/8.3.1/../../../../pic32mx/lib/libc-musl.a(__pop_ptr.o)
 .debug_info    0x00000000000027d8      0xa27 /opt/microchip/xc32/v4.45/bin/bin/../../lib/gcc/pic32mx/8.3.1/../../../../pic32mx/lib/libc-musl.a(__printf_core.o)
 .debug_info    0x00000000000031ff      0x4dd /opt/microchip/xc32/v4.45/bin/bin/../../lib/gcc/pic32mx/8.3.1/../../../../pic32mx/lib/libc-musl.a(__scan_d.o)
 .debug_info    0x00000000000036dc      0x5f9 /opt/microchip/xc32/v4.45/bin/bin/../../lib/gcc/pic32mx/8.3.1/../../../../pic32mx/lib/libc-musl.a(__scan_i.o)
 .debug_info    0x0000000000003cd5      0x4a7 /opt/microchip/xc32/v4.45/bin/bin/../../lib/gcc/pic32mx/8.3.1/../../../../pic32mx/lib/libc-musl.a(__scan_s.o)
 .debug_info    0x000000000000417c      0xb69 /opt/microchip/xc32/v4.45/bin/bin/../../lib/gcc/pic32mx/8.3.1/../../../../pic32mx/lib/libc-musl.a(__scanf_core.o)
 .debug_info    0x0000000000004ce5       0xee /opt/microchip/xc32/v4.45/bin/bin/../../lib/gcc/pic32mx/8.3.1/../../../../pic32mx/lib/libc-musl.a(atoi.o)
 .debug_info    0x0000000000004dd3      0x6ec /opt/microchip/xc32/v4.45/bin/bin/../../lib/gcc/pic32mx/8.3.1/../../../../pic32mx/lib/libc-musl.a(strtol.o)
 .debug_info    0x00000000000054bf      0x128 /opt/microchip/xc32/v4.45/bin/bin/../../lib/gcc/pic32mx/8.3.1/../../../../pic32mx/lib/libc-musl.a(isxdigit.o)
 .debug_info    0x00000000000055e7      0x11b /opt/microchip/xc32/v4.45/bin/bin/../../lib/gcc/pic32mx/8.3.1/../../../../pic32mx/lib/libc-musl.a(tolower.o)
 .debug_info    0x0000000000005702      0x58c /opt/microchip/xc32/v4.45/bin/bin/../../lib/gcc/pic32mx/8.3.1/../../../../pic32mx/lib/libc-musl.a(intscan.o)
 .debug_info    0x0000000000005c8e      0x391 /opt/microchip/xc32/v4.45/bin/bin/../../lib/gcc/pic32mx/8.3.1/../../../../pic32mx/lib/libc-musl.a(shgetc.o)
 .debug_info    0x000000000000601f      0x127 /opt/microchip/xc32/v4.45/bin/bin/../../lib/gcc/pic32mx/8.3.1/../../../../pic32mx/lib/libc-musl.a(__int_vsprintf.o)
 .debug_info    0x0000000000006146      0x458 /opt/microchip/xc32/v4.45/bin/bin/../../lib/gcc/pic32mx/8.3.1/../../../../pic32mx/lib/libc-musl.a(__int_vsscanf.o)
 .debug_info    0x000000000000659e      0x3ec /opt/microchip/xc32/v4.45/bin/bin/../../lib/gcc/pic32mx/8.3.1/../../../../pic32mx/lib/libc-musl.a(__string_read.o)
 .debug_info    0x000000000000698a      0x373 /opt/microchip/xc32/v4.45/bin/bin/../../lib/gcc/pic32mx/8.3.1/../../../../pic32mx/lib/libc-musl.a(__uflow.o)
 .debug_info    0x0000000000006cfd      0x1d0 /opt/microchip/xc32/v4.45/bin/bin/../../lib/gcc/pic32mx/8.3.1/../../../../pic32mx/lib/libc-musl.a(__cvt_u.o)
 .debug_info    0x0000000000006ecd       0xf4 /opt/microchip/xc32/v4.45/bin/bin/../../lib/gcc/pic32mx/8.3.1/../../../../pic32mx/lib/libc-musl.a(__io_rw_needed.o)
 .debug_info    0x0000000000006fc1      0x134 /opt/microchip/xc32/v4.45/bin/bin/../../lib/gcc/pic32mx/8.3.1/../../../../pic32mx/lib/libc-musl.a(__pop_float.o)
 .debug_info    0x00000000000070f5      0x146 /opt/microchip/xc32/v4.45/bin/bin/../../lib/gcc/pic32mx/8.3.1/../../../../pic32mx/lib/libc-musl.a(__push_float.o)
 .debug_info    0x000000000000723b      0x166 /opt/microchip/xc32/v4.45/bin/bin/../../lib/gcc/pic32mx/8.3.1/../../../../pic32mx/lib/libc-musl.a(__push_int.o)
 .debug_info    0x00000000000073a1      0x473 /opt/microchip/xc32/v4.45/bin/bin/../../lib/gcc/pic32mx/8.3.1/../../../../pic32mx/lib/libc-musl.a(__read_int.o)
 .debug_info    0x0000000000007814      0x323 /opt/microchip/xc32/v4.45/bin/bin/../../lib/gcc/pic32mx/8.3.1/../../../../pic32mx/lib/libc-musl.a(__towrite_rw.o)
 .debug_info    0x0000000000007b37      0x3c6 /opt/microchip/xc32/v4.45/bin/bin/../../lib/gcc/pic32mx/8.3.1/../../../../pic32mx/lib/libc-musl.a(__int_vfscanf.o)
 .debug_info    0x0000000000007efd      0x1f5 /opt/microchip/xc32/v4.45/bin/bin/../../lib/gcc/pic32mx/8.3.1/../../../../pic32mx/lib/libc-musl.a(__int_vsnprintf.o)
 .debug_info    0x00000000000080f2      0x373 /opt/microchip/xc32/v4.45/bin/bin/../../lib/gcc/pic32mx/8.3.1/../../../../pic32mx/lib/libc-musl.a(__toread.o)
 .debug_info    0x0000000000008465      0x3d3 /opt/microchip/xc32/v4.45/bin/bin/../../lib/gcc/pic32mx/8.3.1/../../../../pic32mx/lib/libc-musl.a(__fopen_rw.o)
 .debug_info    0x0000000000008838      0x341 /opt/microchip/xc32/v4.45/bin/bin/../../lib/gcc/pic32mx/8.3.1/../../../../pic32mx/lib/libc-musl.a(__ftello_rw.o)
 .debug_info    0x0000000000008b79      0x139 /opt/microchip/xc32/v4.45/bin/bin/../../lib/gcc/pic32mx/8.3.1/../../../../pic32mx/lib/libc-musl.a(__io_buf_needed.o)
 .debug_info    0x0000000000008cb2       0xaf /opt/microchip/xc32/v4.45/bin/bin/../../lib/gcc/pic32mx/8.3.1/../../../../pic32mx/lib/libc-musl.a(__io_file_needed.o)
 .debug_info    0x0000000000008d61      0x122 /opt/microchip/xc32/v4.45/bin/bin/../../lib/gcc/pic32mx/8.3.1/../../../../pic32mx/lib/libc-musl.a(__io_std_needed.o)
 .debug_info    0x0000000000008e83      0x29f /opt/microchip/xc32/v4.45/bin/bin/../../lib/gcc/pic32mx/8.3.1/../../../../pic32mx/lib/libc-musl.a(__out.o)
 .debug_info    0x0000000000009122      0x284 /opt/microchip/xc32/v4.45/bin/bin/../../lib/gcc/pic32mx/8.3.1/../../../../pic32mx/lib/libc-musl.a(__putc.o)
 .debug_info    0x00000000000093a6      0x398 /opt/microchip/xc32/v4.45/bin/bin/../../lib/gcc/pic32mx/8.3.1/../../../../pic32mx/lib/libc-musl.a(__stderr.o)
 .debug_info    0x000000000000973e      0x3f6 /opt/microchip/xc32/v4.45/bin/bin/../../lib/gcc/pic32mx/8.3.1/../../../../pic32mx/lib/libc-musl.a(__stdio_close.o)
 .debug_info    0x0000000000009b34      0x2cc /opt/microchip/xc32/v4.45/bin/bin/../../lib/gcc/pic32mx/8.3.1/../../../../pic32mx/lib/libc-musl.a(__stdio_exit.o)
 .debug_info    0x0000000000009e00      0x3e6 /opt/microchip/xc32/v4.45/bin/bin/../../lib/gcc/pic32mx/8.3.1/../../../../pic32mx/lib/libc-musl.a(__stdio_read.o)
 .debug_info    0x000000000000a1e6      0x497 /opt/microchip/xc32/v4.45/bin/bin/../../lib/gcc/pic32mx/8.3.1/../../../../pic32mx/lib/libc-musl.a(__stdio_seek.o)
 .debug_info    0x000000000000a67d      0x398 /opt/microchip/xc32/v4.45/bin/bin/../../lib/gcc/pic32mx/8.3.1/../../../../pic32mx/lib/libc-musl.a(__stdout.o)
 .debug_info    0x000000000000aa15      0x217 /opt/microchip/xc32/v4.45/bin/bin/../../lib/gcc/pic32mx/8.3.1/../../../../pic32mx/lib/libc-musl.a(putc.o)
 .debug_info    0x000000000000ac2c      0x144 /opt/microchip/xc32/v4.45/bin/bin/../../lib/gcc/pic32mx/8.3.1/../../../../pic32mx/lib/libc-musl.a(readv.o)
 .debug_info    0x000000000000ad70      0x1e0 /opt/microchip/xc32/v4.45/bin/bin/../../lib/gcc/pic32mx/8.3.1/../../../../pic32mx/lib/libc-musl.a(__int_vfprintf.o)
 .debug_info    0x000000000000af50      0x37f /opt/microchip/xc32/v4.45/bin/bin/../../lib/gcc/pic32mx/8.3.1/../../../../pic32mx/lib/libc-musl.a(__overflow.o)
 .debug_info    0x000000000000b2cf      0x1b1 /opt/microchip/xc32/v4.45/bin/bin/../../lib/gcc/pic32mx/8.3.1/../../../../pic32mx/lib/libc-musl.a(__fclose.o)
 .debug_info    0x000000000000b480      0x2d0 /opt/microchip/xc32/v4.45/bin/bin/../../lib/gcc/pic32mx/8.3.1/../../../../pic32mx/lib/libc-musl.a(__fopen.o)
 .debug_info    0x000000000000b750      0x261 /opt/microchip/xc32/v4.45/bin/bin/../../lib/gcc/pic32mx/8.3.1/../../../../pic32mx/lib/libc-musl.a(__fseeko.o)
 .debug_info    0x000000000000b9b1      0x283 /opt/microchip/xc32/v4.45/bin/bin/../../lib/gcc/pic32mx/8.3.1/../../../../pic32mx/lib/libc-musl.a(__ftello.o)
 .debug_info    0x000000000000bc34      0x2ac /opt/microchip/xc32/v4.45/bin/bin/../../lib/gcc/pic32mx/8.3.1/../../../../pic32mx/lib/libc-musl.a(__fwrite.o)
 .debug_info    0x000000000000bee0       0xdf /opt/microchip/xc32/v4.45/bin/bin/../../lib/gcc/pic32mx/8.3.1/../../../../pic32mx/lib/libc-musl.a(__io_init_needed.o)
 .debug_info    0x000000000000bfbf      0x265 /opt/microchip/xc32/v4.45/bin/bin/../../lib/gcc/pic32mx/8.3.1/../../../../pic32mx/lib/libc-musl.a(__towrite.o)
 .debug_info    0x000000000000c224       0xb9 /opt/microchip/xc32/v4.45/bin/bin/../../lib/gcc/pic32mx/8.3.1/../../../../pic32mx/lib/libc-musl.a(__init_stdio.o)
 .debug_info    0x000000000000c2dd      0x1aa /opt/microchip/xc32/v4.45/bin/bin/../../lib/gcc/pic32mx/8.3.1/libgcc.a(_lshrdi3.o)
 .debug_info    0x000000000000c487      0x1aa /opt/microchip/xc32/v4.45/bin/bin/../../lib/gcc/pic32mx/8.3.1/libgcc.a(_ashldi3.o)
 .debug_info    0x000000000000c631      0x6ca /opt/microchip/xc32/v4.45/bin/bin/../../lib/gcc/pic32mx/8.3.1/libgcc.a(_udivdi3.o)
 .debug_info    0x000000000000ccfb      0x73e /opt/microchip/xc32/v4.45/bin/bin/../../lib/gcc/pic32mx/8.3.1/libgcc.a(_umoddi3.o)
 .debug_info    0x000000000000d439       0x40 /opt/microchip/xc32/v4.45/bin/bin/../../lib/gcc/pic32mx/8.3.1/../../../../pic32mx/lib/libpic32.a(read.o)
 .debug_info    0x000000000000d479       0x40 /opt/microchip/xc32/v4.45/bin/bin/../../lib/gcc/pic32mx/8.3.1/../../../../pic32mx/lib/libpic32.a(write.o)
 .debug_info    0x000000000000d4b9       0x3f /opt/microchip/xc32/v4.45/bin/bin/../../lib/gcc/pic32mx/8.3.1/../../../../pic32mx/lib/libpic32.a(lseek.o)
 .debug_info    0x000000000000d4f8       0x3f /opt/microchip/xc32/v4.45/bin/bin/../../lib/gcc/pic32mx/8.3.1/../../../../pic32mx/lib/libpic32.a(close.o)
 .debug_info    0x000000000000d537       0x40 /opt/microchip/xc32/v4.45/bin/bin/../../lib/gcc/pic32mx/8.3.1/../../../../pic32mx/lib/libpic32.a(_mon_putc.o)
 .debug_info    0x000000000000d577       0xe4 /opt/microchip/xc32/v4.45/bin/bin/../../lib/gcc/pic32mx/8.3.1/../../../../pic32mx/lib/libc-size-musl.a(memchr.o)
 .debug_info    0x000000000000d65b       0xf7 /opt/microchip/xc32/v4.45/bin/bin/../../lib/gcc/pic32mx/8.3.1/../../../../pic32mx/lib/libc-size-musl.a(memcpy.o)
 .debug_info    0x000000000000d752       0xc0 /opt/microchip/xc32/v4.45/bin/bin/../../lib/gcc/pic32mx/8.3.1/../../../../pic32mx/lib/libc-size-musl.a(memset.o)
 .debug_info    0x000000000000d812       0xa3 /opt/microchip/xc32/v4.45/bin/bin/../../lib/gcc/pic32mx/8.3.1/../../../../pic32mx/lib/libc-size-musl.a(strlen.o)
 .debug_info    0x000000000000d8b5      0x1b4 /opt/microchip/xc32/v4.45/bin/bin/../../lib/gcc/pic32mx/8.3.1/../../../../pic32mx/lib/liblmalloc-musl.a(lite_malloc.o)
 .debug_info    0x000000000000da69      0x259 /opt/microchip/xc32/v4.45/bin/bin/../../lib/gcc/pic32mx/8.3.1/../../../../pic32mx/lib/liblmalloc-musl.a(lite_free.o)
 .debug_info    0x000000000000dcc2      0x105 /opt/microchip/xc32/v4.45/bin/bin/../../lib/gcc/pic32mx/8.3.1/../../../../pic32mx/lib/libc-musl.a(expand_heap.o)
 .debug_info    0x000000000000ddc7       0x97 /opt/microchip/xc32/v4.45/bin/bin/../../lib/gcc/pic32mx/8.3.1/../../../../pic32mx/lib/libpic32.a(sbrk.o)

.debug_abbrev   0x0000000000000000     0x5176
 *(.debug_abbrev)
 .debug_abbrev  0x0000000000000000      0x124 nu32dip.o
 .debug_abbrev  0x0000000000000124      0x1c8 pic32_oscope.o
 .debug_abbrev  0x00000000000002ec       0x31 /opt/microchip/xc32/v4.45/bin/bin/../../lib/gcc/pic32mx/8.3.1/../../../../pic32mx/lib/libpic32.a(default-bootstrap-exception-handler.o)
 .debug_abbrev  0x000000000000031d       0x2e /opt/microchip/xc32/v4.45/bin/bin/../../lib/gcc/pic32mx/8.3.1/../../../../pic32mx/lib/libpic32.a(default-on-reset.o)
 .debug_abbrev  0x000000000000034b       0x2e /opt/microchip/xc32/v4.45/bin/bin/../../lib/gcc/pic32mx/8.3.1/../../../../pic32mx/lib/libpic32.a(default-on-bootstrap.o)
 .debug_abbrev  0x0000000000000379       0x31 /opt/microchip/xc32/v4.45/bin/bin/../../lib/gcc/pic32mx/8.3.1/../../../../pic32mx/lib/libpic32.a(default-general-exception-handler.o)
 .debug_abbrev  0x00000000000003aa       0x31 /opt/microchip/xc32/v4.45/bin/bin/../../lib/gcc/pic32mx/8.3.1/../../../../pic32mx/lib/libpic32.a(defaultinterrupt.o)
 .debug_abbrev  0x00000000000003db      0x100 /opt/microchip/xc32/v4.45/bin/bin/../../lib/gcc/pic32mx/8.3.1/../../../../pic32mx/lib/libc-musl.a(__sio_sprintf_dn.o)
 .debug_abbrev  0x00000000000004db      0x100 /opt/microchip/xc32/v4.45/bin/bin/../../lib/gcc/pic32mx/8.3.1/../../../../pic32mx/lib/libc-musl.a(__sio_sscanf_cdns.o)
 .debug_abbrev  0x00000000000005db      0x161 /opt/microchip/xc32/v4.45/bin/bin/../../lib/gcc/pic32mx/8.3.1/../../../../pic32mx/lib/libc-musl.a(__fmt_d.o)
 .debug_abbrev  0x000000000000073c       0xc3 /opt/microchip/xc32/v4.45/bin/bin/../../lib/gcc/pic32mx/8.3.1/../../../../pic32mx/lib/libc-musl.a(__pop_int.o)
 .debug_abbrev  0x00000000000007ff       0xd7 /opt/microchip/xc32/v4.45/bin/bin/../../lib/gcc/pic32mx/8.3.1/../../../../pic32mx/lib/libc-musl.a(__pop_ptr.o)
 .debug_abbrev  0x00000000000008d6      0x318 /opt/microchip/xc32/v4.45/bin/bin/../../lib/gcc/pic32mx/8.3.1/../../../../pic32mx/lib/libc-musl.a(__printf_core.o)
 .debug_abbrev  0x0000000000000bee      0x1c1 /opt/microchip/xc32/v4.45/bin/bin/../../lib/gcc/pic32mx/8.3.1/../../../../pic32mx/lib/libc-musl.a(__scan_d.o)
 .debug_abbrev  0x0000000000000daf      0x1e8 /opt/microchip/xc32/v4.45/bin/bin/../../lib/gcc/pic32mx/8.3.1/../../../../pic32mx/lib/libc-musl.a(__scan_i.o)
 .debug_abbrev  0x0000000000000f97      0x1b3 /opt/microchip/xc32/v4.45/bin/bin/../../lib/gcc/pic32mx/8.3.1/../../../../pic32mx/lib/libc-musl.a(__scan_s.o)
 .debug_abbrev  0x000000000000114a      0x2f8 /opt/microchip/xc32/v4.45/bin/bin/../../lib/gcc/pic32mx/8.3.1/../../../../pic32mx/lib/libc-musl.a(__scanf_core.o)
 .debug_abbrev  0x0000000000001442       0xc4 /opt/microchip/xc32/v4.45/bin/bin/../../lib/gcc/pic32mx/8.3.1/../../../../pic32mx/lib/libc-musl.a(atoi.o)
 .debug_abbrev  0x0000000000001506      0x192 /opt/microchip/xc32/v4.45/bin/bin/../../lib/gcc/pic32mx/8.3.1/../../../../pic32mx/lib/libc-musl.a(strtol.o)
 .debug_abbrev  0x0000000000001698      0x105 /opt/microchip/xc32/v4.45/bin/bin/../../lib/gcc/pic32mx/8.3.1/../../../../pic32mx/lib/libc-musl.a(isxdigit.o)
 .debug_abbrev  0x000000000000179d       0xf1 /opt/microchip/xc32/v4.45/bin/bin/../../lib/gcc/pic32mx/8.3.1/../../../../pic32mx/lib/libc-musl.a(tolower.o)
 .debug_abbrev  0x000000000000188e      0x1f8 /opt/microchip/xc32/v4.45/bin/bin/../../lib/gcc/pic32mx/8.3.1/../../../../pic32mx/lib/libc-musl.a(intscan.o)
 .debug_abbrev  0x0000000000001a86      0x166 /opt/microchip/xc32/v4.45/bin/bin/../../lib/gcc/pic32mx/8.3.1/../../../../pic32mx/lib/libc-musl.a(shgetc.o)
 .debug_abbrev  0x0000000000001bec       0xb1 /opt/microchip/xc32/v4.45/bin/bin/../../lib/gcc/pic32mx/8.3.1/../../../../pic32mx/lib/libc-musl.a(__int_vsprintf.o)
 .debug_abbrev  0x0000000000001c9d      0x17a /opt/microchip/xc32/v4.45/bin/bin/../../lib/gcc/pic32mx/8.3.1/../../../../pic32mx/lib/libc-musl.a(__int_vsscanf.o)
 .debug_abbrev  0x0000000000001e17      0x146 /opt/microchip/xc32/v4.45/bin/bin/../../lib/gcc/pic32mx/8.3.1/../../../../pic32mx/lib/libc-musl.a(__string_read.o)
 .debug_abbrev  0x0000000000001f5d      0x141 /opt/microchip/xc32/v4.45/bin/bin/../../lib/gcc/pic32mx/8.3.1/../../../../pic32mx/lib/libc-musl.a(__uflow.o)
 .debug_abbrev  0x000000000000209e       0xe5 /opt/microchip/xc32/v4.45/bin/bin/../../lib/gcc/pic32mx/8.3.1/../../../../pic32mx/lib/libc-musl.a(__cvt_u.o)
 .debug_abbrev  0x0000000000002183       0x67 /opt/microchip/xc32/v4.45/bin/bin/../../lib/gcc/pic32mx/8.3.1/../../../../pic32mx/lib/libc-musl.a(__io_rw_needed.o)
 .debug_abbrev  0x00000000000021ea       0xc3 /opt/microchip/xc32/v4.45/bin/bin/../../lib/gcc/pic32mx/8.3.1/../../../../pic32mx/lib/libc-musl.a(__pop_float.o)
 .debug_abbrev  0x00000000000022ad       0xc9 /opt/microchip/xc32/v4.45/bin/bin/../../lib/gcc/pic32mx/8.3.1/../../../../pic32mx/lib/libc-musl.a(__push_float.o)
 .debug_abbrev  0x0000000000002376       0xeb /opt/microchip/xc32/v4.45/bin/bin/../../lib/gcc/pic32mx/8.3.1/../../../../pic32mx/lib/libc-musl.a(__push_int.o)
 .debug_abbrev  0x0000000000002461      0x17f /opt/microchip/xc32/v4.45/bin/bin/../../lib/gcc/pic32mx/8.3.1/../../../../pic32mx/lib/libc-musl.a(__read_int.o)
 .debug_abbrev  0x00000000000025e0       0xf5 /opt/microchip/xc32/v4.45/bin/bin/../../lib/gcc/pic32mx/8.3.1/../../../../pic32mx/lib/libc-musl.a(__towrite_rw.o)
 .debug_abbrev  0x00000000000026d5      0x153 /opt/microchip/xc32/v4.45/bin/bin/../../lib/gcc/pic32mx/8.3.1/../../../../pic32mx/lib/libc-musl.a(__int_vfscanf.o)
 .debug_abbrev  0x0000000000002828      0x13a /opt/microchip/xc32/v4.45/bin/bin/../../lib/gcc/pic32mx/8.3.1/../../../../pic32mx/lib/libc-musl.a(__int_vsnprintf.o)
 .debug_abbrev  0x0000000000002962      0x148 /opt/microchip/xc32/v4.45/bin/bin/../../lib/gcc/pic32mx/8.3.1/../../../../pic32mx/lib/libc-musl.a(__toread.o)
 .debug_abbrev  0x0000000000002aaa      0x12c /opt/microchip/xc32/v4.45/bin/bin/../../lib/gcc/pic32mx/8.3.1/../../../../pic32mx/lib/libc-musl.a(__fopen_rw.o)
 .debug_abbrev  0x0000000000002bd6      0x10b /opt/microchip/xc32/v4.45/bin/bin/../../lib/gcc/pic32mx/8.3.1/../../../../pic32mx/lib/libc-musl.a(__ftello_rw.o)
 .debug_abbrev  0x0000000000002ce1       0x67 /opt/microchip/xc32/v4.45/bin/bin/../../lib/gcc/pic32mx/8.3.1/../../../../pic32mx/lib/libc-musl.a(__io_buf_needed.o)
 .debug_abbrev  0x0000000000002d48       0x67 /opt/microchip/xc32/v4.45/bin/bin/../../lib/gcc/pic32mx/8.3.1/../../../../pic32mx/lib/libc-musl.a(__io_file_needed.o)
 .debug_abbrev  0x0000000000002daf       0x67 /opt/microchip/xc32/v4.45/bin/bin/../../lib/gcc/pic32mx/8.3.1/../../../../pic32mx/lib/libc-musl.a(__io_std_needed.o)
 .debug_abbrev  0x0000000000002e16      0x17a /opt/microchip/xc32/v4.45/bin/bin/../../lib/gcc/pic32mx/8.3.1/../../../../pic32mx/lib/libc-musl.a(__out.o)
 .debug_abbrev  0x0000000000002f90      0x109 /opt/microchip/xc32/v4.45/bin/bin/../../lib/gcc/pic32mx/8.3.1/../../../../pic32mx/lib/libc-musl.a(__putc.o)
 .debug_abbrev  0x0000000000003099      0x16a /opt/microchip/xc32/v4.45/bin/bin/../../lib/gcc/pic32mx/8.3.1/../../../../pic32mx/lib/libc-musl.a(__stderr.o)
 .debug_abbrev  0x0000000000003203      0x15a /opt/microchip/xc32/v4.45/bin/bin/../../lib/gcc/pic32mx/8.3.1/../../../../pic32mx/lib/libc-musl.a(__stdio_close.o)
 .debug_abbrev  0x000000000000335d      0x170 /opt/microchip/xc32/v4.45/bin/bin/../../lib/gcc/pic32mx/8.3.1/../../../../pic32mx/lib/libc-musl.a(__stdio_exit.o)
 .debug_abbrev  0x00000000000034cd      0x16c /opt/microchip/xc32/v4.45/bin/bin/../../lib/gcc/pic32mx/8.3.1/../../../../pic32mx/lib/libc-musl.a(__stdio_read.o)
 .debug_abbrev  0x0000000000003639      0x14f /opt/microchip/xc32/v4.45/bin/bin/../../lib/gcc/pic32mx/8.3.1/../../../../pic32mx/lib/libc-musl.a(__stdio_seek.o)
 .debug_abbrev  0x0000000000003788      0x16a /opt/microchip/xc32/v4.45/bin/bin/../../lib/gcc/pic32mx/8.3.1/../../../../pic32mx/lib/libc-musl.a(__stdout.o)
 .debug_abbrev  0x00000000000038f2      0x122 /opt/microchip/xc32/v4.45/bin/bin/../../lib/gcc/pic32mx/8.3.1/../../../../pic32mx/lib/libc-musl.a(putc.o)
 .debug_abbrev  0x0000000000003a14       0xf7 /opt/microchip/xc32/v4.45/bin/bin/../../lib/gcc/pic32mx/8.3.1/../../../../pic32mx/lib/libc-musl.a(readv.o)
 .debug_abbrev  0x0000000000003b0b      0x118 /opt/microchip/xc32/v4.45/bin/bin/../../lib/gcc/pic32mx/8.3.1/../../../../pic32mx/lib/libc-musl.a(__int_vfprintf.o)
 .debug_abbrev  0x0000000000003c23      0x141 /opt/microchip/xc32/v4.45/bin/bin/../../lib/gcc/pic32mx/8.3.1/../../../../pic32mx/lib/libc-musl.a(__overflow.o)
 .debug_abbrev  0x0000000000003d64       0xdd /opt/microchip/xc32/v4.45/bin/bin/../../lib/gcc/pic32mx/8.3.1/../../../../pic32mx/lib/libc-musl.a(__fclose.o)
 .debug_abbrev  0x0000000000003e41      0x168 /opt/microchip/xc32/v4.45/bin/bin/../../lib/gcc/pic32mx/8.3.1/../../../../pic32mx/lib/libc-musl.a(__fopen.o)
 .debug_abbrev  0x0000000000003fa9       0xf8 /opt/microchip/xc32/v4.45/bin/bin/../../lib/gcc/pic32mx/8.3.1/../../../../pic32mx/lib/libc-musl.a(__fseeko.o)
 .debug_abbrev  0x00000000000040a1      0x111 /opt/microchip/xc32/v4.45/bin/bin/../../lib/gcc/pic32mx/8.3.1/../../../../pic32mx/lib/libc-musl.a(__ftello.o)
 .debug_abbrev  0x00000000000041b2      0x121 /opt/microchip/xc32/v4.45/bin/bin/../../lib/gcc/pic32mx/8.3.1/../../../../pic32mx/lib/libc-musl.a(__fwrite.o)
 .debug_abbrev  0x00000000000042d3       0x81 /opt/microchip/xc32/v4.45/bin/bin/../../lib/gcc/pic32mx/8.3.1/../../../../pic32mx/lib/libc-musl.a(__io_init_needed.o)
 .debug_abbrev  0x0000000000004354      0x125 /opt/microchip/xc32/v4.45/bin/bin/../../lib/gcc/pic32mx/8.3.1/../../../../pic32mx/lib/libc-musl.a(__towrite.o)
 .debug_abbrev  0x0000000000004479       0x65 /opt/microchip/xc32/v4.45/bin/bin/../../lib/gcc/pic32mx/8.3.1/../../../../pic32mx/lib/libc-musl.a(__init_stdio.o)
 .debug_abbrev  0x00000000000044de      0x121 /opt/microchip/xc32/v4.45/bin/bin/../../lib/gcc/pic32mx/8.3.1/libgcc.a(_lshrdi3.o)
 .debug_abbrev  0x00000000000045ff      0x121 /opt/microchip/xc32/v4.45/bin/bin/../../lib/gcc/pic32mx/8.3.1/libgcc.a(_ashldi3.o)
 .debug_abbrev  0x0000000000004720      0x184 /opt/microchip/xc32/v4.45/bin/bin/../../lib/gcc/pic32mx/8.3.1/libgcc.a(_udivdi3.o)
 .debug_abbrev  0x00000000000048a4      0x19a /opt/microchip/xc32/v4.45/bin/bin/../../lib/gcc/pic32mx/8.3.1/libgcc.a(_umoddi3.o)
 .debug_abbrev  0x0000000000004a3e       0x2e /opt/microchip/xc32/v4.45/bin/bin/../../lib/gcc/pic32mx/8.3.1/../../../../pic32mx/lib/libpic32.a(read.o)
 .debug_abbrev  0x0000000000004a6c       0x2e /opt/microchip/xc32/v4.45/bin/bin/../../lib/gcc/pic32mx/8.3.1/../../../../pic32mx/lib/libpic32.a(write.o)
 .debug_abbrev  0x0000000000004a9a       0x2e /opt/microchip/xc32/v4.45/bin/bin/../../lib/gcc/pic32mx/8.3.1/../../../../pic32mx/lib/libpic32.a(lseek.o)
 .debug_abbrev  0x0000000000004ac8       0x2e /opt/microchip/xc32/v4.45/bin/bin/../../lib/gcc/pic32mx/8.3.1/../../../../pic32mx/lib/libpic32.a(close.o)
 .debug_abbrev  0x0000000000004af6       0x2e /opt/microchip/xc32/v4.45/bin/bin/../../lib/gcc/pic32mx/8.3.1/../../../../pic32mx/lib/libpic32.a(_mon_putc.o)
 .debug_abbrev  0x0000000000004b24       0xb1 /opt/microchip/xc32/v4.45/bin/bin/../../lib/gcc/pic32mx/8.3.1/../../../../pic32mx/lib/libc-size-musl.a(memchr.o)
 .debug_abbrev  0x0000000000004bd5       0xaa /opt/microchip/xc32/v4.45/bin/bin/../../lib/gcc/pic32mx/8.3.1/../../../../pic32mx/lib/libc-size-musl.a(memcpy.o)
 .debug_abbrev  0x0000000000004c7f       0x91 /opt/microchip/xc32/v4.45/bin/bin/../../lib/gcc/pic32mx/8.3.1/../../../../pic32mx/lib/libc-size-musl.a(memset.o)
 .debug_abbrev  0x0000000000004d10       0x91 /opt/microchip/xc32/v4.45/bin/bin/../../lib/gcc/pic32mx/8.3.1/../../../../pic32mx/lib/libc-size-musl.a(strlen.o)
 .debug_abbrev  0x0000000000004da1      0x117 /opt/microchip/xc32/v4.45/bin/bin/../../lib/gcc/pic32mx/8.3.1/../../../../pic32mx/lib/liblmalloc-musl.a(lite_malloc.o)
 .debug_abbrev  0x0000000000004eb8      0x19c /opt/microchip/xc32/v4.45/bin/bin/../../lib/gcc/pic32mx/8.3.1/../../../../pic32mx/lib/liblmalloc-musl.a(lite_free.o)
 .debug_abbrev  0x0000000000005054       0xc4 /opt/microchip/xc32/v4.45/bin/bin/../../lib/gcc/pic32mx/8.3.1/../../../../pic32mx/lib/libc-musl.a(expand_heap.o)
 .debug_abbrev  0x0000000000005118       0x5e /opt/microchip/xc32/v4.45/bin/bin/../../lib/gcc/pic32mx/8.3.1/../../../../pic32mx/lib/libpic32.a(sbrk.o)

.debug_line     0x0000000000000000     0x9eff
 *(.debug_line)
 .debug_line    0x0000000000000000      0x1b9 nu32dip.o
 .debug_line    0x00000000000001b9      0x28a pic32_oscope.o
 .debug_line    0x0000000000000443       0xc9 /opt/microchip/xc32/v4.45/bin/bin/../../lib/gcc/pic32mx/8.3.1/../../../../pic32mx/lib/libpic32.a(default-bootstrap-exception-handler.o)
 .debug_line    0x000000000000050c       0xa5 /opt/microchip/xc32/v4.45/bin/bin/../../lib/gcc/pic32mx/8.3.1/../../../../pic32mx/lib/libpic32.a(default-on-reset.o)
 .debug_line    0x00000000000005b1       0xa9 /opt/microchip/xc32/v4.45/bin/bin/../../lib/gcc/pic32mx/8.3.1/../../../../pic32mx/lib/libpic32.a(default-on-bootstrap.o)
 .debug_line    0x000000000000065a       0xc7 /opt/microchip/xc32/v4.45/bin/bin/../../lib/gcc/pic32mx/8.3.1/../../../../pic32mx/lib/libpic32.a(default-general-exception-handler.o)
 .debug_line    0x0000000000000721       0xc8 /opt/microchip/xc32/v4.45/bin/bin/../../lib/gcc/pic32mx/8.3.1/../../../../pic32mx/lib/libpic32.a(defaultinterrupt.o)
 .debug_line    0x00000000000007e9      0x1dd /opt/microchip/xc32/v4.45/bin/bin/../../lib/gcc/pic32mx/8.3.1/../../../../pic32mx/lib/libc-musl.a(__sio_sprintf_dn.o)
 .debug_line    0x00000000000009c6      0x1dd /opt/microchip/xc32/v4.45/bin/bin/../../lib/gcc/pic32mx/8.3.1/../../../../pic32mx/lib/libc-musl.a(__sio_sscanf_cdns.o)
 .debug_line    0x0000000000000ba3      0x247 /opt/microchip/xc32/v4.45/bin/bin/../../lib/gcc/pic32mx/8.3.1/../../../../pic32mx/lib/libc-musl.a(__fmt_d.o)
 .debug_line    0x0000000000000dea      0x243 /opt/microchip/xc32/v4.45/bin/bin/../../lib/gcc/pic32mx/8.3.1/../../../../pic32mx/lib/libc-musl.a(__pop_int.o)
 .debug_line    0x000000000000102d      0x1fc /opt/microchip/xc32/v4.45/bin/bin/../../lib/gcc/pic32mx/8.3.1/../../../../pic32mx/lib/libc-musl.a(__pop_ptr.o)
 .debug_line    0x0000000000001229      0x6f7 /opt/microchip/xc32/v4.45/bin/bin/../../lib/gcc/pic32mx/8.3.1/../../../../pic32mx/lib/libc-musl.a(__printf_core.o)
 .debug_line    0x0000000000001920      0x2bc /opt/microchip/xc32/v4.45/bin/bin/../../lib/gcc/pic32mx/8.3.1/../../../../pic32mx/lib/libc-musl.a(__scan_d.o)
 .debug_line    0x0000000000001bdc      0x3dc /opt/microchip/xc32/v4.45/bin/bin/../../lib/gcc/pic32mx/8.3.1/../../../../pic32mx/lib/libc-musl.a(__scan_i.o)
 .debug_line    0x0000000000001fb8      0x327 /opt/microchip/xc32/v4.45/bin/bin/../../lib/gcc/pic32mx/8.3.1/../../../../pic32mx/lib/libc-musl.a(__scan_s.o)
 .debug_line    0x00000000000022df      0x777 /opt/microchip/xc32/v4.45/bin/bin/../../lib/gcc/pic32mx/8.3.1/../../../../pic32mx/lib/libc-musl.a(__scanf_core.o)
 .debug_line    0x0000000000002a56      0x16c /opt/microchip/xc32/v4.45/bin/bin/../../lib/gcc/pic32mx/8.3.1/../../../../pic32mx/lib/libc-musl.a(atoi.o)
 .debug_line    0x0000000000002bc2      0x32f /opt/microchip/xc32/v4.45/bin/bin/../../lib/gcc/pic32mx/8.3.1/../../../../pic32mx/lib/libc-musl.a(strtol.o)
 .debug_line    0x0000000000002ef1      0x1ac /opt/microchip/xc32/v4.45/bin/bin/../../lib/gcc/pic32mx/8.3.1/../../../../pic32mx/lib/libc-musl.a(isxdigit.o)
 .debug_line    0x000000000000309d      0x1aa /opt/microchip/xc32/v4.45/bin/bin/../../lib/gcc/pic32mx/8.3.1/../../../../pic32mx/lib/libc-musl.a(tolower.o)
 .debug_line    0x0000000000003247      0x4e5 /opt/microchip/xc32/v4.45/bin/bin/../../lib/gcc/pic32mx/8.3.1/../../../../pic32mx/lib/libc-musl.a(intscan.o)
 .debug_line    0x000000000000372c      0x23b /opt/microchip/xc32/v4.45/bin/bin/../../lib/gcc/pic32mx/8.3.1/../../../../pic32mx/lib/libc-musl.a(shgetc.o)
 .debug_line    0x0000000000003967      0x194 /opt/microchip/xc32/v4.45/bin/bin/../../lib/gcc/pic32mx/8.3.1/../../../../pic32mx/lib/libc-musl.a(__int_vsprintf.o)
 .debug_line    0x0000000000003afb      0x2b7 /opt/microchip/xc32/v4.45/bin/bin/../../lib/gcc/pic32mx/8.3.1/../../../../pic32mx/lib/libc-musl.a(__int_vsscanf.o)
 .debug_line    0x0000000000003db2      0x2be /opt/microchip/xc32/v4.45/bin/bin/../../lib/gcc/pic32mx/8.3.1/../../../../pic32mx/lib/libc-musl.a(__string_read.o)
 .debug_line    0x0000000000004070      0x20e /opt/microchip/xc32/v4.45/bin/bin/../../lib/gcc/pic32mx/8.3.1/../../../../pic32mx/lib/libc-musl.a(__uflow.o)
 .debug_line    0x000000000000427e      0x22b /opt/microchip/xc32/v4.45/bin/bin/../../lib/gcc/pic32mx/8.3.1/../../../../pic32mx/lib/libc-musl.a(__cvt_u.o)
 .debug_line    0x00000000000044a9      0x135 /opt/microchip/xc32/v4.45/bin/bin/../../lib/gcc/pic32mx/8.3.1/../../../../pic32mx/lib/libc-musl.a(__io_rw_needed.o)
 .debug_line    0x00000000000045de      0x1a4 /opt/microchip/xc32/v4.45/bin/bin/../../lib/gcc/pic32mx/8.3.1/../../../../pic32mx/lib/libc-musl.a(__pop_float.o)
 .debug_line    0x0000000000004782      0x1ed /opt/microchip/xc32/v4.45/bin/bin/../../lib/gcc/pic32mx/8.3.1/../../../../pic32mx/lib/libc-musl.a(__push_float.o)
 .debug_line    0x000000000000496f      0x239 /opt/microchip/xc32/v4.45/bin/bin/../../lib/gcc/pic32mx/8.3.1/../../../../pic32mx/lib/libc-musl.a(__push_int.o)
 .debug_line    0x0000000000004ba8      0x2ae /opt/microchip/xc32/v4.45/bin/bin/../../lib/gcc/pic32mx/8.3.1/../../../../pic32mx/lib/libc-musl.a(__read_int.o)
 .debug_line    0x0000000000004e56      0x230 /opt/microchip/xc32/v4.45/bin/bin/../../lib/gcc/pic32mx/8.3.1/../../../../pic32mx/lib/libc-musl.a(__towrite_rw.o)
 .debug_line    0x0000000000005086      0x220 /opt/microchip/xc32/v4.45/bin/bin/../../lib/gcc/pic32mx/8.3.1/../../../../pic32mx/lib/libc-musl.a(__int_vfscanf.o)
 .debug_line    0x00000000000052a6      0x253 /opt/microchip/xc32/v4.45/bin/bin/../../lib/gcc/pic32mx/8.3.1/../../../../pic32mx/lib/libc-musl.a(__int_vsnprintf.o)
 .debug_line    0x00000000000054f9      0x268 /opt/microchip/xc32/v4.45/bin/bin/../../lib/gcc/pic32mx/8.3.1/../../../../pic32mx/lib/libc-musl.a(__toread.o)
 .debug_line    0x0000000000005761      0x2d5 /opt/microchip/xc32/v4.45/bin/bin/../../lib/gcc/pic32mx/8.3.1/../../../../pic32mx/lib/libc-musl.a(__fopen_rw.o)
 .debug_line    0x0000000000005a36      0x221 /opt/microchip/xc32/v4.45/bin/bin/../../lib/gcc/pic32mx/8.3.1/../../../../pic32mx/lib/libc-musl.a(__ftello_rw.o)
 .debug_line    0x0000000000005c57      0x139 /opt/microchip/xc32/v4.45/bin/bin/../../lib/gcc/pic32mx/8.3.1/../../../../pic32mx/lib/libc-musl.a(__io_buf_needed.o)
 .debug_line    0x0000000000005d90       0xbc /opt/microchip/xc32/v4.45/bin/bin/../../lib/gcc/pic32mx/8.3.1/../../../../pic32mx/lib/libc-musl.a(__io_file_needed.o)
 .debug_line    0x0000000000005e4c      0x138 /opt/microchip/xc32/v4.45/bin/bin/../../lib/gcc/pic32mx/8.3.1/../../../../pic32mx/lib/libc-musl.a(__io_std_needed.o)
 .debug_line    0x0000000000005f84      0x28c /opt/microchip/xc32/v4.45/bin/bin/../../lib/gcc/pic32mx/8.3.1/../../../../pic32mx/lib/libc-musl.a(__out.o)
 .debug_line    0x0000000000006210      0x1af /opt/microchip/xc32/v4.45/bin/bin/../../lib/gcc/pic32mx/8.3.1/../../../../pic32mx/lib/libc-musl.a(__putc.o)
 .debug_line    0x00000000000063bf      0x22e /opt/microchip/xc32/v4.45/bin/bin/../../lib/gcc/pic32mx/8.3.1/../../../../pic32mx/lib/libc-musl.a(__stderr.o)
 .debug_line    0x00000000000065ed      0x2d9 /opt/microchip/xc32/v4.45/bin/bin/../../lib/gcc/pic32mx/8.3.1/../../../../pic32mx/lib/libc-musl.a(__stdio_close.o)
 .debug_line    0x00000000000068c6      0x1c7 /opt/microchip/xc32/v4.45/bin/bin/../../lib/gcc/pic32mx/8.3.1/../../../../pic32mx/lib/libc-musl.a(__stdio_exit.o)
 .debug_line    0x0000000000006a8d      0x283 /opt/microchip/xc32/v4.45/bin/bin/../../lib/gcc/pic32mx/8.3.1/../../../../pic32mx/lib/libc-musl.a(__stdio_read.o)
 .debug_line    0x0000000000006d10      0x30c /opt/microchip/xc32/v4.45/bin/bin/../../lib/gcc/pic32mx/8.3.1/../../../../pic32mx/lib/libc-musl.a(__stdio_seek.o)
 .debug_line    0x000000000000701c      0x22e /opt/microchip/xc32/v4.45/bin/bin/../../lib/gcc/pic32mx/8.3.1/../../../../pic32mx/lib/libc-musl.a(__stdout.o)
 .debug_line    0x000000000000724a      0x1f9 /opt/microchip/xc32/v4.45/bin/bin/../../lib/gcc/pic32mx/8.3.1/../../../../pic32mx/lib/libc-musl.a(putc.o)
 .debug_line    0x0000000000007443      0x1a7 /opt/microchip/xc32/v4.45/bin/bin/../../lib/gcc/pic32mx/8.3.1/../../../../pic32mx/lib/libc-musl.a(readv.o)
 .debug_line    0x00000000000075ea      0x1b2 /opt/microchip/xc32/v4.45/bin/bin/../../lib/gcc/pic32mx/8.3.1/../../../../pic32mx/lib/libc-musl.a(__int_vfprintf.o)
 .debug_line    0x000000000000779c      0x23e /opt/microchip/xc32/v4.45/bin/bin/../../lib/gcc/pic32mx/8.3.1/../../../../pic32mx/lib/libc-musl.a(__overflow.o)
 .debug_line    0x00000000000079da      0x19e /opt/microchip/xc32/v4.45/bin/bin/../../lib/gcc/pic32mx/8.3.1/../../../../pic32mx/lib/libc-musl.a(__fclose.o)
 .debug_line    0x0000000000007b78      0x265 /opt/microchip/xc32/v4.45/bin/bin/../../lib/gcc/pic32mx/8.3.1/../../../../pic32mx/lib/libc-musl.a(__fopen.o)
 .debug_line    0x0000000000007ddd      0x192 /opt/microchip/xc32/v4.45/bin/bin/../../lib/gcc/pic32mx/8.3.1/../../../../pic32mx/lib/libc-musl.a(__fseeko.o)
 .debug_line    0x0000000000007f6f      0x1c3 /opt/microchip/xc32/v4.45/bin/bin/../../lib/gcc/pic32mx/8.3.1/../../../../pic32mx/lib/libc-musl.a(__ftello.o)
 .debug_line    0x0000000000008132      0x1d5 /opt/microchip/xc32/v4.45/bin/bin/../../lib/gcc/pic32mx/8.3.1/../../../../pic32mx/lib/libc-musl.a(__fwrite.o)
 .debug_line    0x0000000000008307      0x145 /opt/microchip/xc32/v4.45/bin/bin/../../lib/gcc/pic32mx/8.3.1/../../../../pic32mx/lib/libc-musl.a(__io_init_needed.o)
 .debug_line    0x000000000000844c      0x1ce /opt/microchip/xc32/v4.45/bin/bin/../../lib/gcc/pic32mx/8.3.1/../../../../pic32mx/lib/libc-musl.a(__towrite.o)
 .debug_line    0x000000000000861a       0xc8 /opt/microchip/xc32/v4.45/bin/bin/../../lib/gcc/pic32mx/8.3.1/../../../../pic32mx/lib/libc-musl.a(__init_stdio.o)
 .debug_line    0x00000000000086e2       0xdc /opt/microchip/xc32/v4.45/bin/bin/../../lib/gcc/pic32mx/8.3.1/libgcc.a(_lshrdi3.o)
 .debug_line    0x00000000000087be       0xdd /opt/microchip/xc32/v4.45/bin/bin/../../lib/gcc/pic32mx/8.3.1/libgcc.a(_ashldi3.o)
 .debug_line    0x000000000000889b      0x2d8 /opt/microchip/xc32/v4.45/bin/bin/../../lib/gcc/pic32mx/8.3.1/libgcc.a(_udivdi3.o)
 .debug_line    0x0000000000008b73      0x30f /opt/microchip/xc32/v4.45/bin/bin/../../lib/gcc/pic32mx/8.3.1/libgcc.a(_umoddi3.o)
 .debug_line    0x0000000000008e82      0x125 /opt/microchip/xc32/v4.45/bin/bin/../../lib/gcc/pic32mx/8.3.1/../../../../pic32mx/lib/libpic32.a(read.o)
 .debug_line    0x0000000000008fa7       0xb7 /opt/microchip/xc32/v4.45/bin/bin/../../lib/gcc/pic32mx/8.3.1/../../../../pic32mx/lib/libpic32.a(write.o)
 .debug_line    0x000000000000905e       0x9a /opt/microchip/xc32/v4.45/bin/bin/../../lib/gcc/pic32mx/8.3.1/../../../../pic32mx/lib/libpic32.a(lseek.o)
 .debug_line    0x00000000000090f8       0x9a /opt/microchip/xc32/v4.45/bin/bin/../../lib/gcc/pic32mx/8.3.1/../../../../pic32mx/lib/libpic32.a(close.o)
 .debug_line    0x0000000000009192        0x0 /opt/microchip/xc32/v4.45/bin/bin/../../lib/gcc/pic32mx/8.3.1/../../../../pic32mx/lib/libpic32.a(xc32_uart.o)
 .debug_line    0x0000000000009192        0x0 /opt/microchip/xc32/v4.45/bin/bin/../../lib/gcc/pic32mx/8.3.1/../../../../pic32mx/lib/libpic32.a(errno.o)
 .debug_line    0x0000000000009192      0x120 /opt/microchip/xc32/v4.45/bin/bin/../../lib/gcc/pic32mx/8.3.1/../../../../pic32mx/lib/libpic32.a(_mon_putc.o)
 .debug_line    0x00000000000092b2      0x134 /opt/microchip/xc32/v4.45/bin/bin/../../lib/gcc/pic32mx/8.3.1/../../../../pic32mx/lib/libc-size-musl.a(memchr.o)
 .debug_line    0x00000000000093e6      0x133 /opt/microchip/xc32/v4.45/bin/bin/../../lib/gcc/pic32mx/8.3.1/../../../../pic32mx/lib/libc-size-musl.a(memcpy.o)
 .debug_line    0x0000000000009519      0x127 /opt/microchip/xc32/v4.45/bin/bin/../../lib/gcc/pic32mx/8.3.1/../../../../pic32mx/lib/libc-size-musl.a(memset.o)
 .debug_line    0x0000000000009640      0x12b /opt/microchip/xc32/v4.45/bin/bin/../../lib/gcc/pic32mx/8.3.1/../../../../pic32mx/lib/libc-size-musl.a(strlen.o)
 .debug_line    0x000000000000976b      0x21d /opt/microchip/xc32/v4.45/bin/bin/../../lib/gcc/pic32mx/8.3.1/../../../../pic32mx/lib/liblmalloc-musl.a(lite_malloc.o)